Using pre-set license
Built from '2022.3/staging' branch; Version is '2022.3.16f1 (d2c21f0ef2f1) revision 13812255'; Using compiler version '192829333'; Build Type 'Release'
OS: 'Windows 11  (10.0.22631) 64bit Professional' Language: 'en' Physical Memory: 32606 MB
BatchMode: 1, IsHumanControllingUs: 0, StartBugReporterOnCrash: 0, Is64bit: 1, IsPro: 1

COMMAND LINE ARGUMENTS:
C:\Program Files\Unity\Hub\Editor\2022.3.16f1\Editor\Unity.exe
-adb2
-batchMode
-noUpm
-name
AssetImportWorker3
-projectPath
D:/DollMakerProject/Thesis ตัวร้าย/Dollmaker
-logFile
Logs/AssetImportWorker3.log
-srvPort
56060
Successfully changed project path to: D:/DollMakerProject/Thesis ตัวร้าย/Dollmaker
D:/DollMakerProject/Thesis ตัวร้าย/Dollmaker
[UnityMemory] Configuration Parameters - Can be set up in boot.config
    "memorysetup-bucket-allocator-granularity=16"
    "memorysetup-bucket-allocator-bucket-count=8"
    "memorysetup-bucket-allocator-block-size=33554432"
    "memorysetup-bucket-allocator-block-count=8"
    "memorysetup-main-allocator-block-size=16777216"
    "memorysetup-thread-allocator-block-size=16777216"
    "memorysetup-gfx-main-allocator-block-size=16777216"
    "memorysetup-gfx-thread-allocator-block-size=16777216"
    "memorysetup-cache-allocator-block-size=4194304"
    "memorysetup-typetree-allocator-block-size=2097152"
    "memorysetup-profiler-bucket-allocator-granularity=16"
    "memorysetup-profiler-bucket-allocator-bucket-count=8"
    "memorysetup-profiler-bucket-allocator-block-size=33554432"
    "memorysetup-profiler-bucket-allocator-block-count=8"
    "memorysetup-profiler-allocator-block-size=16777216"
    "memorysetup-profiler-editor-allocator-block-size=1048576"
    "memorysetup-temp-allocator-size-main=16777216"
    "memorysetup-job-temp-allocator-block-size=2097152"
    "memorysetup-job-temp-allocator-block-size-background=1048576"
    "memorysetup-job-temp-allocator-reduction-small-platforms=262144"
    "memorysetup-allocator-temp-initial-block-size-main=262144"
    "memorysetup-allocator-temp-initial-block-size-worker=262144"
    "memorysetup-temp-allocator-size-background-worker=32768"
    "memorysetup-temp-allocator-size-job-worker=262144"
    "memorysetup-temp-allocator-size-preload-manager=33554432"
    "memorysetup-temp-allocator-size-nav-mesh-worker=65536"
    "memorysetup-temp-allocator-size-audio-worker=65536"
    "memorysetup-temp-allocator-size-cloud-worker=32768"
    "memorysetup-temp-allocator-size-gi-baking-worker=262144"
    "memorysetup-temp-allocator-size-gfx=262144"
Player connection [20360] Host "[IP] 192.168.1.36 [Port] 0 [Flags] 2 [Guid] 2408140686 [EditorId] 2408140686 [Version] 1048832 [Id] WindowsEditor(7,DESKTOP-KE76UMA) [Debug] 1 [PackageName] WindowsEditor [ProjectName] Editor" joined multi-casting on [225.0.0.222:54997]...

Player connection [20360] Host "[IP] 192.168.1.36 [Port] 0 [Flags] 2 [Guid] 2408140686 [EditorId] 2408140686 [Version] 1048832 [Id] WindowsEditor(7,DESKTOP-KE76UMA) [Debug] 1 [PackageName] WindowsEditor [ProjectName] Editor" joined alternative multi-casting on [225.0.0.222:34997]...

[Physics::Module] Initialized MultithreadedJobDispatcher with 23 workers.
Refreshing native plugins compatible for Editor in 5.55 ms, found 5 plugins.
Preloading 0 native plugins for Editor in 0.00 ms.
Initialize engine version: 2022.3.16f1 (d2c21f0ef2f1)
[Subsystems] Discovering subsystems at path C:/Program Files/Unity/Hub/Editor/2022.3.16f1/Editor/Data/Resources/UnitySubsystems
[Subsystems] Discovering subsystems at path D:/DollMakerProject/Thesis ตัวร้าย/Dollmaker/Assets
GfxDevice: creating device client; threaded=0; jobified=0
Direct3D:
    Version:  Direct3D 11.0 [level 11.1]
    Renderer: NVIDIA GeForce RTX 3080 Ti (ID=0x2208)
    Vendor:   NVIDIA
    VRAM:     12086 MB
    Driver:   31.0.15.5222
Initialize mono
Mono path[0] = 'C:/Program Files/Unity/Hub/Editor/2022.3.16f1/Editor/Data/Managed'
Mono path[1] = 'C:/Program Files/Unity/Hub/Editor/2022.3.16f1/Editor/Data/MonoBleedingEdge/lib/mono/unityjit-win32'
Mono config path = 'C:/Program Files/Unity/Hub/Editor/2022.3.16f1/Editor/Data/MonoBleedingEdge/etc'
Using monoOptions --debugger-agent=transport=dt_socket,embedding=1,server=y,suspend=n,address=127.0.0.1:56956
Begin MonoManager ReloadAssembly
Registering precompiled unity dll's ...
Register platform support module: C:/Program Files/Unity/Hub/Editor/2022.3.16f1/Editor/Data/PlaybackEngines/WindowsStandaloneSupport/UnityEditor.WindowsStandalone.Extensions.dll
Registered in 0.004595 seconds.
- Loaded All Assemblies, in  0.301 seconds
Native extension for WindowsStandalone target not found
Mono: successfully reloaded assembly
- Finished resetting the current domain, in  0.277 seconds
Domain Reload Profiling: 581ms
	BeginReloadAssembly (89ms)
		ExecutionOrderSort (0ms)
		DisableScriptedObjects (0ms)
		BackupInstance (0ms)
		ReleaseScriptingObjects (0ms)
		CreateAndSetChildDomain (1ms)
	RebuildCommonClasses (32ms)
	RebuildNativeTypeToScriptingClass (9ms)
	initialDomainReloadingComplete (45ms)
	LoadAllAssembliesAndSetupDomain (129ms)
		LoadAssemblies (87ms)
		RebuildTransferFunctionScriptingTraits (0ms)
		AnalyzeDomain (124ms)
			TypeCache.Refresh (122ms)
				TypeCache.ScanAssembly (109ms)
			ScanForSourceGeneratedMonoScriptInfo (0ms)
			ResolveRequiredComponents (0ms)
	FinalizeReload (277ms)
		ReleaseScriptCaches (0ms)
		RebuildScriptCaches (0ms)
		SetupLoadedEditorAssemblies (213ms)
			LogAssemblyErrors (0ms)
			InitializePlatformSupportModulesInManaged (9ms)
			SetLoadedEditorAssemblies (7ms)
			RefreshPlugins (0ms)
			BeforeProcessingInitializeOnLoad (2ms)
			ProcessInitializeOnLoadAttributes (154ms)
			ProcessInitializeOnLoadMethodAttributes (41ms)
			AfterProcessingInitializeOnLoad (0ms)
			EditorAssembliesLoaded (0ms)
		ExecutionOrderSort2 (0ms)
		AwakeInstancesAfterBackupRestoration (0ms)
========================================================================
Worker process is ready to serve import requests
Begin MonoManager ReloadAssembly
- Loaded All Assemblies, in  0.670 seconds
Refreshing native plugins compatible for Editor in 4.25 ms, found 5 plugins.
Native extension for WindowsStandalone target not found
Package Manager log level set to [2]
[Package Manager] Server::EnsureServerProcessIsRunning -- launch failed, reason: Unity was launched with the -noUpm command-line argument
[Package Manager] UpmClient::Send -- Unable to send message (not connected to UPM process).
[Package Manager] Cannot connect to Unity Package Manager local server
Mono: successfully reloaded assembly
- Finished resetting the current domain, in  0.866 seconds
Domain Reload Profiling: 1535ms
	BeginReloadAssembly (131ms)
		ExecutionOrderSort (0ms)
		DisableScriptedObjects (3ms)
		BackupInstance (0ms)
		ReleaseScriptingObjects (0ms)
		CreateAndSetChildDomain (17ms)
	RebuildCommonClasses (29ms)
	RebuildNativeTypeToScriptingClass (7ms)
	initialDomainReloadingComplete (37ms)
	LoadAllAssembliesAndSetupDomain (464ms)
		LoadAssemblies (295ms)
		RebuildTransferFunctionScriptingTraits (0ms)
		AnalyzeDomain (248ms)
			TypeCache.Refresh (205ms)
				TypeCache.ScanAssembly (189ms)
			ScanForSourceGeneratedMonoScriptInfo (30ms)
			ResolveRequiredComponents (12ms)
	FinalizeReload (867ms)
		ReleaseScriptCaches (0ms)
		RebuildScriptCaches (0ms)
		SetupLoadedEditorAssemblies (706ms)
			LogAssemblyErrors (0ms)
			InitializePlatformSupportModulesInManaged (5ms)
			SetLoadedEditorAssemblies (4ms)
			RefreshPlugins (0ms)
			BeforeProcessingInitializeOnLoad (83ms)
			ProcessInitializeOnLoadAttributes (550ms)
			ProcessInitializeOnLoadMethodAttributes (59ms)
			AfterProcessingInitializeOnLoad (4ms)
			EditorAssembliesLoaded (0ms)
		ExecutionOrderSort2 (0ms)
		AwakeInstancesAfterBackupRestoration (5ms)
Launched and connected shader compiler UnityShaderCompiler.exe after 0.04 seconds
Refreshing native plugins compatible for Editor in 3.19 ms, found 5 plugins.
Preloading 0 native plugins for Editor in 0.00 ms.
Unloading 7134 Unused Serialized files (Serialized files now loaded: 0)
Unloading 120 unused Assets / (1.7 MB). Loaded Objects now: 7593.
Memory consumption went from 381.4 MB to 379.7 MB.
Total: 4.922600 ms (FindLiveObjects: 0.558200 ms CreateObjectMapping: 0.289300 ms MarkObjects: 3.660600 ms  DeleteObjects: 0.413200 ms)

AssetImportParameters requested are different than current active one (requested -> active):
  custom:container-demuxer-ogg: 62fdf1f143b41e24485cea50d1cbac27 -> 
  custom:framework-win-MediaFoundation: 216162199b28c13a410421893ffa2e32 -> 
  custom:container-muxer-webm: aa71ff27fc2769a1b78a27578f13a17b -> 
  custom:video-decoder-webm-vp8: 9c59270c3fd7afecdb556c50c9e8de78 -> 
  custom:SearchIndexIgnoredProperties: e643bd26f0fe6173181afceb89e7c659 -> 
  custom:AudioImporter_EditorPlatform: d09bf68614088b80899f8185d706f6e7 -> 
  custom:audio-decoder-ogg-vorbis: bf7c407c2cedff20999df2af8eb42d56 -> 
  custom:audio-encoder-webm-vorbis: bf7c407c2cedff20999df2af8eb42d56 -> 
  custom:video-codec-MediaFoundation-h265: 746d11721c4dcdbdad8f713fa42b33f4 -> 
  custom:video-decoder-ogg-theora: a1e56fd34408186e4bbccfd4996cb3dc -> 
  custom:CustomObjectIndexerAttribute: 39606d92bcf39ac9cd6fca1116091104 -> 
  custom:container-demuxer-webm: 4f35f7cbe854078d1ac9338744f61a02 -> 
  custom:video-encoder-webm-vp8: eb34c28f22e8b96e1ab97ce403110664 -> 
========================================================================
Received Import Request.
  Time since last request: 32009.761801 seconds.
  path: Assets/All Assest/Assest 2D/Prop/1024x1024/NewDoll/Ver3Doll_Bloody.png
  artifactKey: Guid(67f16a1df853e7c448bf342bdf736b9f) Importer(815301076,1909f56bfc062723c751e8b465ee728b)
Start importing Assets/All Assest/Assest 2D/Prop/1024x1024/NewDoll/Ver3Doll_Bloody.png using Guid(67f16a1df853e7c448bf342bdf736b9f) Importer(815301076,1909f56bfc062723c751e8b465ee728b)  -> (artifact id: '7b3af3ac95e6bce12b17fec180caa0dc') in 0.099290 seconds
Number of updated asset objects reloaded before import = 0
Number of asset objects unloaded after import = 3
========================================================================
Received Import Request.
  Time since last request: 0.000028 seconds.
  path: Assets/All Assest/Assest 2D/Ui/GuideBook/Page/Cloth/OLD/UI_GuideBook_Page_Cloth_Jeans.png
  artifactKey: Guid(52e93d04af434814b9f18e957df56966) Importer(815301076,1909f56bfc062723c751e8b465ee728b)
Start importing Assets/All Assest/Assest 2D/Ui/GuideBook/Page/Cloth/OLD/UI_GuideBook_Page_Cloth_Jeans.png using Guid(52e93d04af434814b9f18e957df56966) Importer(815301076,1909f56bfc062723c751e8b465ee728b)  -> (artifact id: 'c3600e597c180287393ee0ca95bb7a51') in 0.020872 seconds
Number of updated asset objects reloaded before import = 0
Number of asset objects unloaded after import = 3
========================================================================
Received Import Request.
  Time since last request: 0.000023 seconds.
  path: Assets/All Assest/Assest 2D/Sprite sheet/CurseDoll/Bully The kid/Walk/walk_2.PNG
  artifactKey: Guid(dbc735c8ed55ff347a583d568d2341ad) Importer(815301076,1909f56bfc062723c751e8b465ee728b)
Start importing Assets/All Assest/Assest 2D/Sprite sheet/CurseDoll/Bully The kid/Walk/walk_2.PNG using Guid(dbc735c8ed55ff347a583d568d2341ad) Importer(815301076,1909f56bfc062723c751e8b465ee728b)  -> (artifact id: '29da77ea5f2aee09b8b97f21e3e63118') in 0.056434 seconds
Number of updated asset objects reloaded before import = 0
Number of asset objects unloaded after import = 3
========================================================================
Received Import Request.
  Time since last request: 0.000015 seconds.
  path: Assets/All Assest/Assest 2D/Ui/GuideBook/Page/Cloth/UI_GuideBook_Page_Cloth_Jeans.png
  artifactKey: Guid(b444913cbbd9604459ae3a597a038fd0) Importer(815301076,1909f56bfc062723c751e8b465ee728b)
Start importing Assets/All Assest/Assest 2D/Ui/GuideBook/Page/Cloth/UI_GuideBook_Page_Cloth_Jeans.png using Guid(b444913cbbd9604459ae3a597a038fd0) Importer(815301076,1909f56bfc062723c751e8b465ee728b)  -> (artifact id: 'a0799c5aadb4b6cfc902a2ae11ca8df3') in 0.024208 seconds
Number of updated asset objects reloaded before import = 0
Number of asset objects unloaded after import = 3
========================================================================
Received Import Request.
  Time since last request: 0.000014 seconds.
  path: Assets/All Assest/Assest 2D/Prop/JesusStatue 1.png
  artifactKey: Guid(19773afe73301cc47b24d94c98a458f4) Importer(815301076,1909f56bfc062723c751e8b465ee728b)
Start importing Assets/All Assest/Assest 2D/Prop/JesusStatue 1.png using Guid(19773afe73301cc47b24d94c98a458f4) Importer(815301076,1909f56bfc062723c751e8b465ee728b)  -> (artifact id: '1d45d3dc2ed60e185ae19f72073b4552') in 0.046852 seconds
Number of updated asset objects reloaded before import = 0
Number of asset objects unloaded after import = 3
========================================================================
Received Import Request.
  Time since last request: 0.000016 seconds.
  path: Assets/All Assest/Assest 2D/Ui/Button/UI_ButtonTem.png
  artifactKey: Guid(a731ac8adfc555344a2c70248c2f90a5) Importer(815301076,1909f56bfc062723c751e8b465ee728b)
Start importing Assets/All Assest/Assest 2D/Ui/Button/UI_ButtonTem.png using Guid(a731ac8adfc555344a2c70248c2f90a5) Importer(815301076,1909f56bfc062723c751e8b465ee728b)  -> (artifact id: 'd2589115f11c56b364818b45d0607bdb') in 0.031630 seconds
Number of updated asset objects reloaded before import = 0
Number of asset objects unloaded after import = 3
========================================================================
Received Import Request.
  Time since last request: 0.000014 seconds.
  path: Assets/All Assest/Assest 3D/Set05/vase02.png
  artifactKey: Guid(f1ad890b168cee64da64f5af982b6cfc) Importer(815301076,1909f56bfc062723c751e8b465ee728b)
Start importing Assets/All Assest/Assest 3D/Set05/vase02.png using Guid(f1ad890b168cee64da64f5af982b6cfc) Importer(815301076,1909f56bfc062723c751e8b465ee728b)  -> (artifact id: '06e66e07d204fd66dcc78fe402f4ca09') in 0.024601 seconds
Number of updated asset objects reloaded before import = 0
Number of asset objects unloaded after import = 3
========================================================================
Received Import Request.
  Time since last request: 0.000019 seconds.
  path: Assets/All Assest/Assest 2D/Prop/vase02.png
  artifactKey: Guid(07bd577188ea00e448e7700ffc76613b) Importer(815301076,1909f56bfc062723c751e8b465ee728b)
Start importing Assets/All Assest/Assest 2D/Prop/vase02.png using Guid(07bd577188ea00e448e7700ffc76613b) Importer(815301076,1909f56bfc062723c751e8b465ee728b)  -> (artifact id: 'f1d7539f440c107446beec32e693179e') in 0.050218 seconds
Number of updated asset objects reloaded before import = 0
Number of asset objects unloaded after import = 3
========================================================================
Received Import Request.
  Time since last request: 0.000013 seconds.
  path: Assets/All Assest/Assest 2D/Sprite sheet/CurseDoll/Sticky Tinger/Walk/walk_4.PNG
  artifactKey: Guid(b93b397d977bf9447bf611da9aeddffb) Importer(815301076,1909f56bfc062723c751e8b465ee728b)
Start importing Assets/All Assest/Assest 2D/Sprite sheet/CurseDoll/Sticky Tinger/Walk/walk_4.PNG using Guid(b93b397d977bf9447bf611da9aeddffb) Importer(815301076,1909f56bfc062723c751e8b465ee728b)  -> (artifact id: 'baeaaf2ddb47ebf9eef9ec4fc474133d') in 0.029454 seconds
Number of updated asset objects reloaded before import = 0
Number of asset objects unloaded after import = 3
========================================================================
Received Import Request.
  Time since last request: 0.000013 seconds.
  path: Assets/All Assest/Assest 2D/Ui/GuideBook/Page/Cloth/OLD/UI_GuideBook_Page_Cloth_Jeans 1.png
  artifactKey: Guid(8d7346d1a7237dc4e9218661e196197a) Importer(815301076,1909f56bfc062723c751e8b465ee728b)
Start importing Assets/All Assest/Assest 2D/Ui/GuideBook/Page/Cloth/OLD/UI_GuideBook_Page_Cloth_Jeans 1.png using Guid(8d7346d1a7237dc4e9218661e196197a) Importer(815301076,1909f56bfc062723c751e8b465ee728b)  -> (artifact id: '9dcb009ccf0a295cd109f2c9c68c2225') in 0.023189 seconds
Number of updated asset objects reloaded before import = 0
Number of asset objects unloaded after import = 3
========================================================================
Received Import Request.
  Time since last request: 0.000011 seconds.
  path: Assets/All Assest/Assest 2D/Ui/GuideBook/Page/Cloth/OLD/UI_GuideBook_Page_Cloth_RedShirt.png
  artifactKey: Guid(5c4a564ed2b38ee4c80d40f52bcdbe30) Importer(815301076,1909f56bfc062723c751e8b465ee728b)
Start importing Assets/All Assest/Assest 2D/Ui/GuideBook/Page/Cloth/OLD/UI_GuideBook_Page_Cloth_RedShirt.png using Guid(5c4a564ed2b38ee4c80d40f52bcdbe30) Importer(815301076,1909f56bfc062723c751e8b465ee728b)  -> (artifact id: '39ba31d5416c13baaef8e554a5c8e1db') in 0.045847 seconds
Number of updated asset objects reloaded before import = 0
Number of asset objects unloaded after import = 3
========================================================================
Received Import Request.
  Time since last request: 0.000015 seconds.
  path: Assets/All Assest/Assest 2D/Sprite sheet/CurseDoll/Axe The Ripper/Dead/dead_1.png
  artifactKey: Guid(86fab21475fe38a419f8a75c6faceb74) Importer(815301076,1909f56bfc062723c751e8b465ee728b)
Start importing Assets/All Assest/Assest 2D/Sprite sheet/CurseDoll/Axe The Ripper/Dead/dead_1.png using Guid(86fab21475fe38a419f8a75c6faceb74) Importer(815301076,1909f56bfc062723c751e8b465ee728b)  -> (artifact id: '23707eec0f939f5ffe20b390d92130eb') in 0.098470 seconds
Number of updated asset objects reloaded before import = 0
Number of asset objects unloaded after import = 3
========================================================================
Received Import Request.
  Time since last request: 25.657181 seconds.
  path: Assets/All Assest/Assest 2D/Ui/Tutorial/NewTutorial_Sewing.png
  artifactKey: Guid(cfbfb55aecf408743956756bb64f1cb1) Importer(815301076,1909f56bfc062723c751e8b465ee728b)
Start importing Assets/All Assest/Assest 2D/Ui/Tutorial/NewTutorial_Sewing.png using Guid(cfbfb55aecf408743956756bb64f1cb1) Importer(815301076,1909f56bfc062723c751e8b465ee728b)  -> (artifact id: 'f1784461db2f0bca6157691d0e0a11f2') in 0.024488 seconds
Number of updated asset objects reloaded before import = 0
Number of asset objects unloaded after import = 3
========================================================================
Received Import Request.
  Time since last request: 1.946595 seconds.
  path: Assets/All Assest/Assest 2D/Prop/1024x1024/Pillow/LessPat_Red_SofaPillow.png
  artifactKey: Guid(7a04642955e1eab46b383d18725de6d7) Importer(815301076,1909f56bfc062723c751e8b465ee728b)
Start importing Assets/All Assest/Assest 2D/Prop/1024x1024/Pillow/LessPat_Red_SofaPillow.png using Guid(7a04642955e1eab46b383d18725de6d7) Importer(815301076,1909f56bfc062723c751e8b465ee728b)  -> (artifact id: 'e49149fd1f60b373b5997f8b64b05262') in 0.023482 seconds
Number of updated asset objects reloaded before import = 0
Number of asset objects unloaded after import = 3
========================================================================
Received Import Request.
  Time since last request: 29.815697 seconds.
  path: Assets/All Assest/Assest 2D/Prop/1024x1024/Clock/Frame/Prop_3amClock_Frame.png
  artifactKey: Guid(b6bc7cce7e3d5af4c97d043fff47844f) Importer(815301076,1909f56bfc062723c751e8b465ee728b)
Start importing Assets/All Assest/Assest 2D/Prop/1024x1024/Clock/Frame/Prop_3amClock_Frame.png using Guid(b6bc7cce7e3d5af4c97d043fff47844f) Importer(815301076,1909f56bfc062723c751e8b465ee728b)  -> (artifact id: '837f805ca013e3795de2e2f065c310d3') in 0.019428 seconds
Number of updated asset objects reloaded before import = 0
Number of asset objects unloaded after import = 3
========================================================================
Received Import Request.
  Time since last request: 1.966542 seconds.
  path: Assets/All Assest/Assest 2D/Sprite sheet/Ghost Girl/Girl ghost smile.png
  artifactKey: Guid(9f02f09bf0f9eb34a84cd6625359a55c) Importer(815301076,1909f56bfc062723c751e8b465ee728b)
Start importing Assets/All Assest/Assest 2D/Sprite sheet/Ghost Girl/Girl ghost smile.png using Guid(9f02f09bf0f9eb34a84cd6625359a55c) Importer(815301076,1909f56bfc062723c751e8b465ee728b)  -> (artifact id: '9c36390ccd56c78d608378bb04d6c075') in 0.026417 seconds
Number of updated asset objects reloaded before import = 0
Number of asset objects unloaded after import = 3
========================================================================
Received Import Request.
  Time since last request: 0.169280 seconds.
  path: Assets/All Assest/Assest 2D/Ui/Tutorial/NewTutorial/NewTutorial_Crucifix.png
  artifactKey: Guid(bf6c2e41db10c074da3f9218403ceb70) Importer(815301076,1909f56bfc062723c751e8b465ee728b)
Start importing Assets/All Assest/Assest 2D/Ui/Tutorial/NewTutorial/NewTutorial_Crucifix.png using Guid(bf6c2e41db10c074da3f9218403ceb70) Importer(815301076,1909f56bfc062723c751e8b465ee728b)  -> (artifact id: '05c9af6e1d74395af88ffb1cfb5346fe') in 0.020766 seconds
Number of updated asset objects reloaded before import = 0
Number of asset objects unloaded after import = 3
========================================================================
Received Import Request.
  Time since last request: 0.009707 seconds.
  path: Assets/All Assest/Assest 2D/Prop/1024x1024/BookShelf/Prop_BookInShelf3ALT.png
  artifactKey: Guid(7db316fa54b46d8449882b172d8223df) Importer(815301076,1909f56bfc062723c751e8b465ee728b)
Start importing Assets/All Assest/Assest 2D/Prop/1024x1024/BookShelf/Prop_BookInShelf3ALT.png using Guid(7db316fa54b46d8449882b172d8223df) Importer(815301076,1909f56bfc062723c751e8b465ee728b)  -> (artifact id: '2df935ce746454e87be861a0e0bc2777') in 0.022440 seconds
Number of updated asset objects reloaded before import = 0
Number of asset objects unloaded after import = 3
========================================================================
Received Import Request.
  Time since last request: 0.054320 seconds.
  path: Assets/All Assest/Assest 2D/Prop/PictureFrame/Prop_DecoratePicture4.png
  artifactKey: Guid(e6052ee0def46fe4b87cbcd29ddf6045) Importer(815301076,1909f56bfc062723c751e8b465ee728b)
Start importing Assets/All Assest/Assest 2D/Prop/PictureFrame/Prop_DecoratePicture4.png using Guid(e6052ee0def46fe4b87cbcd29ddf6045) Importer(815301076,1909f56bfc062723c751e8b465ee728b)  -> (artifact id: '8715f79bf7eb7997847890bfd3e52ba8') in 0.024306 seconds
Number of updated asset objects reloaded before import = 0
Number of asset objects unloaded after import = 3
========================================================================
Received Import Request.
  Time since last request: 0.000014 seconds.
  path: Assets/All Assest/Assest 2D/Prop/PictureFrame/Prop_DecoratePicture6.png
  artifactKey: Guid(f9675a64af0ba4d4ebcab0f1b6c4da88) Importer(815301076,1909f56bfc062723c751e8b465ee728b)
Start importing Assets/All Assest/Assest 2D/Prop/PictureFrame/Prop_DecoratePicture6.png using Guid(f9675a64af0ba4d4ebcab0f1b6c4da88) Importer(815301076,1909f56bfc062723c751e8b465ee728b)  -> (artifact id: 'ba06e8a3fece1e90f141ed7aaa4d90a8') in 0.020053 seconds
Number of updated asset objects reloaded before import = 0
Number of asset objects unloaded after import = 3
========================================================================
Received Import Request.
  Time since last request: 0.000013 seconds.
  path: Assets/All Assest/Assest 2D/Prop/1024x1024/MiniTree/Prop_MiniTreePot.png
  artifactKey: Guid(cfe1eb4509a968948aa9632dd2a87eb5) Importer(815301076,1909f56bfc062723c751e8b465ee728b)
Start importing Assets/All Assest/Assest 2D/Prop/1024x1024/MiniTree/Prop_MiniTreePot.png using Guid(cfe1eb4509a968948aa9632dd2a87eb5) Importer(815301076,1909f56bfc062723c751e8b465ee728b)  -> (artifact id: '3c906ca70d0b228a98423fab6bbadc35') in 0.021593 seconds
Number of updated asset objects reloaded before import = 0
Number of asset objects unloaded after import = 3
========================================================================
Received Import Request.
  Time since last request: 0.050250 seconds.
  path: Assets/All Assest/Assest 2D/Texture/Prop_PictureFrame_YoungGrandmaNonEye.png
  artifactKey: Guid(2c5c986a667b34b4796ab58c11d1b636) Importer(815301076,1909f56bfc062723c751e8b465ee728b)
Start importing Assets/All Assest/Assest 2D/Texture/Prop_PictureFrame_YoungGrandmaNonEye.png using Guid(2c5c986a667b34b4796ab58c11d1b636) Importer(815301076,1909f56bfc062723c751e8b465ee728b)  -> (artifact id: '32dc342b66c43c70a7999111f66b4f1b') in 0.021305 seconds
Number of updated asset objects reloaded before import = 0
Number of asset objects unloaded after import = 3
Editor requested this worker to shutdown with reason: Scaling down because of idle timeout
TcpMessagingSession - receive error: operation aborted. errorcode: 995, details: The I/O operation has been aborted because of either a thread exit or an application request.
AssetImportWorker is now disconnected from the server
Process exiting
Exiting without the bug reporter. Application will terminate with return code 0