Using pre-set license
Built from '2022.3/staging' branch; Version is '2022.3.16f1 (d2c21f0ef2f1) revision 13812255'; Using compiler version '192829333'; Build Type 'Release'
OS: 'Windows 11  (10.0.22631) 64bit Professional' Language: 'en' Physical Memory: 32606 MB
BatchMode: 1, IsHumanControllingUs: 0, StartBugReporterOnCrash: 0, Is64bit: 1, IsPro: 1

COMMAND LINE ARGUMENTS:
C:\Program Files\Unity\Hub\Editor\2022.3.16f1\Editor\Unity.exe
-adb2
-batchMode
-noUpm
-name
AssetImportWorker2
-projectPath
D:/DollMakerProject/Thesis ตัวร้าย/Dollmaker
-logFile
Logs/AssetImportWorker2.log
-srvPort
58520
Successfully changed project path to: D:/DollMakerProject/Thesis ตัวร้าย/Dollmaker
D:/DollMakerProject/Thesis ตัวร้าย/Dollmaker
[UnityMemory] Configuration Parameters - Can be set up in boot.config
    "memorysetup-bucket-allocator-granularity=16"
    "memorysetup-bucket-allocator-bucket-count=8"
    "memorysetup-bucket-allocator-block-size=33554432"
    "memorysetup-bucket-allocator-block-count=8"
    "memorysetup-main-allocator-block-size=16777216"
    "memorysetup-thread-allocator-block-size=16777216"
    "memorysetup-gfx-main-allocator-block-size=16777216"
    "memorysetup-gfx-thread-allocator-block-size=16777216"
    "memorysetup-cache-allocator-block-size=4194304"
    "memorysetup-typetree-allocator-block-size=2097152"
    "memorysetup-profiler-bucket-allocator-granularity=16"
    "memorysetup-profiler-bucket-allocator-bucket-count=8"
    "memorysetup-profiler-bucket-allocator-block-size=33554432"
    "memorysetup-profiler-bucket-allocator-block-count=8"
    "memorysetup-profiler-allocator-block-size=16777216"
    "memorysetup-profiler-editor-allocator-block-size=1048576"
    "memorysetup-temp-allocator-size-main=16777216"
    "memorysetup-job-temp-allocator-block-size=2097152"
    "memorysetup-job-temp-allocator-block-size-background=1048576"
    "memorysetup-job-temp-allocator-reduction-small-platforms=262144"
    "memorysetup-allocator-temp-initial-block-size-main=262144"
    "memorysetup-allocator-temp-initial-block-size-worker=262144"
    "memorysetup-temp-allocator-size-background-worker=32768"
    "memorysetup-temp-allocator-size-job-worker=262144"
    "memorysetup-temp-allocator-size-preload-manager=33554432"
    "memorysetup-temp-allocator-size-nav-mesh-worker=65536"
    "memorysetup-temp-allocator-size-audio-worker=65536"
    "memorysetup-temp-allocator-size-cloud-worker=32768"
    "memorysetup-temp-allocator-size-gi-baking-worker=262144"
    "memorysetup-temp-allocator-size-gfx=262144"
Player connection [34012] Host "[IP] 192.168.1.36 [Port] 0 [Flags] 2 [Guid] 1579042460 [EditorId] 1579042460 [Version] 1048832 [Id] WindowsEditor(7,DESKTOP-KE76UMA) [Debug] 1 [PackageName] WindowsEditor [ProjectName] Editor" joined multi-casting on [225.0.0.222:54997]...

Player connection [34012] Host "[IP] 192.168.1.36 [Port] 0 [Flags] 2 [Guid] 1579042460 [EditorId] 1579042460 [Version] 1048832 [Id] WindowsEditor(7,DESKTOP-KE76UMA) [Debug] 1 [PackageName] WindowsEditor [ProjectName] Editor" joined alternative multi-casting on [225.0.0.222:34997]...

[Physics::Module] Initialized MultithreadedJobDispatcher with 23 workers.
Refreshing native plugins compatible for Editor in 4.93 ms, found 5 plugins.
Preloading 0 native plugins for Editor in 0.00 ms.
Initialize engine version: 2022.3.16f1 (d2c21f0ef2f1)
[Subsystems] Discovering subsystems at path C:/Program Files/Unity/Hub/Editor/2022.3.16f1/Editor/Data/Resources/UnitySubsystems
[Subsystems] Discovering subsystems at path D:/DollMakerProject/Thesis ตัวร้าย/Dollmaker/Assets
GfxDevice: creating device client; threaded=0; jobified=0
Direct3D:
    Version:  Direct3D 11.0 [level 11.1]
    Renderer: NVIDIA GeForce RTX 3080 Ti (ID=0x2208)
    Vendor:   NVIDIA
    VRAM:     12086 MB
    Driver:   31.0.15.5176
Initialize mono
Mono path[0] = 'C:/Program Files/Unity/Hub/Editor/2022.3.16f1/Editor/Data/Managed'
Mono path[1] = 'C:/Program Files/Unity/Hub/Editor/2022.3.16f1/Editor/Data/MonoBleedingEdge/lib/mono/unityjit-win32'
Mono config path = 'C:/Program Files/Unity/Hub/Editor/2022.3.16f1/Editor/Data/MonoBleedingEdge/etc'
Using monoOptions --debugger-agent=transport=dt_socket,embedding=1,server=y,suspend=n,address=127.0.0.1:56472
Begin MonoManager ReloadAssembly
Registering precompiled unity dll's ...
Register platform support module: C:/Program Files/Unity/Hub/Editor/2022.3.16f1/Editor/Data/PlaybackEngines/WindowsStandaloneSupport/UnityEditor.WindowsStandalone.Extensions.dll
Registered in 0.004142 seconds.
- Loaded All Assemblies, in  0.216 seconds
Native extension for WindowsStandalone target not found
Mono: successfully reloaded assembly
- Finished resetting the current domain, in  0.168 seconds
Domain Reload Profiling: 382ms
	BeginReloadAssembly (63ms)
		ExecutionOrderSort (0ms)
		DisableScriptedObjects (0ms)
		BackupInstance (0ms)
		ReleaseScriptingObjects (0ms)
		CreateAndSetChildDomain (0ms)
	RebuildCommonClasses (21ms)
	RebuildNativeTypeToScriptingClass (7ms)
	initialDomainReloadingComplete (34ms)
	LoadAllAssembliesAndSetupDomain (90ms)
		LoadAssemblies (61ms)
		RebuildTransferFunctionScriptingTraits (0ms)
		AnalyzeDomain (89ms)
			TypeCache.Refresh (88ms)
				TypeCache.ScanAssembly (79ms)
			ScanForSourceGeneratedMonoScriptInfo (0ms)
			ResolveRequiredComponents (0ms)
	FinalizeReload (168ms)
		ReleaseScriptCaches (0ms)
		RebuildScriptCaches (0ms)
		SetupLoadedEditorAssemblies (132ms)
			LogAssemblyErrors (0ms)
			InitializePlatformSupportModulesInManaged (5ms)
			SetLoadedEditorAssemblies (5ms)
			RefreshPlugins (0ms)
			BeforeProcessingInitializeOnLoad (1ms)
			ProcessInitializeOnLoadAttributes (91ms)
			ProcessInitializeOnLoadMethodAttributes (30ms)
			AfterProcessingInitializeOnLoad (0ms)
			EditorAssembliesLoaded (0ms)
		ExecutionOrderSort2 (0ms)
		AwakeInstancesAfterBackupRestoration (0ms)
========================================================================
Worker process is ready to serve import requests
Begin MonoManager ReloadAssembly
- Loaded All Assemblies, in  0.441 seconds
Refreshing native plugins compatible for Editor in 1.74 ms, found 5 plugins.
Native extension for WindowsStandalone target not found
Package Manager log level set to [2]
[Package Manager] Server::EnsureServerProcessIsRunning -- launch failed, reason: Unity was launched with the -noUpm command-line argument
[Package Manager] UpmClient::Send -- Unable to send message (not connected to UPM process).
[Package Manager] Cannot connect to Unity Package Manager local server
Mono: successfully reloaded assembly
- Finished resetting the current domain, in  0.568 seconds
Domain Reload Profiling: 1007ms
	BeginReloadAssembly (82ms)
		ExecutionOrderSort (0ms)
		DisableScriptedObjects (3ms)
		BackupInstance (0ms)
		ReleaseScriptingObjects (0ms)
		CreateAndSetChildDomain (11ms)
	RebuildCommonClasses (18ms)
	RebuildNativeTypeToScriptingClass (6ms)
	initialDomainReloadingComplete (23ms)
	LoadAllAssembliesAndSetupDomain (310ms)
		LoadAssemblies (193ms)
		RebuildTransferFunctionScriptingTraits (0ms)
		AnalyzeDomain (166ms)
			TypeCache.Refresh (137ms)
				TypeCache.ScanAssembly (127ms)
			ScanForSourceGeneratedMonoScriptInfo (21ms)
			ResolveRequiredComponents (7ms)
	FinalizeReload (568ms)
		ReleaseScriptCaches (0ms)
		RebuildScriptCaches (0ms)
		SetupLoadedEditorAssemblies (462ms)
			LogAssemblyErrors (0ms)
			InitializePlatformSupportModulesInManaged (4ms)
			SetLoadedEditorAssemblies (3ms)
			RefreshPlugins (0ms)
			BeforeProcessingInitializeOnLoad (54ms)
			ProcessInitializeOnLoadAttributes (364ms)
			ProcessInitializeOnLoadMethodAttributes (33ms)
			AfterProcessingInitializeOnLoad (4ms)
			EditorAssembliesLoaded (0ms)
		ExecutionOrderSort2 (0ms)
		AwakeInstancesAfterBackupRestoration (3ms)
Launched and connected shader compiler UnityShaderCompiler.exe after 0.02 seconds
Refreshing native plugins compatible for Editor in 1.86 ms, found 5 plugins.
Preloading 0 native plugins for Editor in 0.00 ms.
Unloading 7126 Unused Serialized files (Serialized files now loaded: 0)
Unloading 121 unused Assets / (1.7 MB). Loaded Objects now: 7584.
Memory consumption went from 380.7 MB to 379.0 MB.
Total: 2.549700 ms (FindLiveObjects: 0.261300 ms CreateObjectMapping: 0.095800 ms MarkObjects: 1.917100 ms  DeleteObjects: 0.274800 ms)

AssetImportParameters requested are different than current active one (requested -> active):
  custom:container-demuxer-ogg: 62fdf1f143b41e24485cea50d1cbac27 -> 
  custom:framework-win-MediaFoundation: 216162199b28c13a410421893ffa2e32 -> 
  custom:container-muxer-webm: aa71ff27fc2769a1b78a27578f13a17b -> 
  custom:video-decoder-webm-vp8: 9c59270c3fd7afecdb556c50c9e8de78 -> 
  custom:SearchIndexIgnoredProperties: e643bd26f0fe6173181afceb89e7c659 -> 
  custom:AudioImporter_EditorPlatform: d09bf68614088b80899f8185d706f6e7 -> 
  custom:audio-decoder-ogg-vorbis: bf7c407c2cedff20999df2af8eb42d56 -> 
  custom:audio-encoder-webm-vorbis: bf7c407c2cedff20999df2af8eb42d56 -> 
  custom:video-codec-MediaFoundation-h265: 746d11721c4dcdbdad8f713fa42b33f4 -> 
  custom:video-decoder-ogg-theora: a1e56fd34408186e4bbccfd4996cb3dc -> 
  custom:CustomObjectIndexerAttribute: 39606d92bcf39ac9cd6fca1116091104 -> 
  custom:container-demuxer-webm: 4f35f7cbe854078d1ac9338744f61a02 -> 
  custom:video-encoder-webm-vp8: eb34c28f22e8b96e1ab97ce403110664 -> 
========================================================================
Received Import Request.
  Time since last request: 21992.462282 seconds.
  path: Assets/All Assest/Assest 2D/Prop/1024x1024/Ver2Doll/BloodyDolls/Animation
  artifactKey: Guid(1e40ddd0e5720b7459d1a1bcf0e86ded) Importer(815301076,1909f56bfc062723c751e8b465ee728b)
Start importing Assets/All Assest/Assest 2D/Prop/1024x1024/Ver2Doll/BloodyDolls/Animation using Guid(1e40ddd0e5720b7459d1a1bcf0e86ded) Importer(815301076,1909f56bfc062723c751e8b465ee728b)  -> (artifact id: 'e73934f980fbeeeef3bd207480099905') in 0.001236 seconds
Number of updated asset objects reloaded before import = 0
Number of asset objects unloaded after import = 0
========================================================================
Received Import Request.
  Time since last request: 0.250521 seconds.
  path: Assets/All Assest/Assest 2D/Prop/1024x1024/Ver2Doll/BloodyDolls/BloodyDoll_NoClothes.png
  artifactKey: Guid(0028c0d6eb5e41c428510fcc105a6522) Importer(815301076,1909f56bfc062723c751e8b465ee728b)
Start importing Assets/All Assest/Assest 2D/Prop/1024x1024/Ver2Doll/BloodyDolls/BloodyDoll_NoClothes.png using Guid(0028c0d6eb5e41c428510fcc105a6522) Importer(815301076,1909f56bfc062723c751e8b465ee728b)  -> (artifact id: '26fa7a79ec6c5679c9f291162d71dcd6') in 0.056665 seconds
Number of updated asset objects reloaded before import = 0
Number of asset objects unloaded after import = 3
========================================================================
Received Import Request.
  Time since last request: 0.267625 seconds.
  path: Assets/All Assest/Assest 2D/Prop/1024x1024/Ver2Doll/BloodyDolls/BloodyV2Doll_GreenDress_NoHair.png
  artifactKey: Guid(3285545330b7890478e562e55c7abe4d) Importer(815301076,1909f56bfc062723c751e8b465ee728b)
Start importing Assets/All Assest/Assest 2D/Prop/1024x1024/Ver2Doll/BloodyDolls/BloodyV2Doll_GreenDress_NoHair.png using Guid(3285545330b7890478e562e55c7abe4d) Importer(815301076,1909f56bfc062723c751e8b465ee728b)  -> (artifact id: 'dc4d2544745121b71d73c070130658b1') in 0.013197 seconds
Number of updated asset objects reloaded before import = 0
Number of asset objects unloaded after import = 3
========================================================================
Received Import Request.
  Time since last request: 0.710470 seconds.
  path: Assets/All Assest/Assest 2D/Prop/1024x1024/Ver2Doll/BloodyDolls/BloodyV2Doll_RedShirtBoy_NoHair.png
  artifactKey: Guid(eada9c2979c60134bb42d20bbd18c2db) Importer(815301076,1909f56bfc062723c751e8b465ee728b)
Start importing Assets/All Assest/Assest 2D/Prop/1024x1024/Ver2Doll/BloodyDolls/BloodyV2Doll_RedShirtBoy_NoHair.png using Guid(eada9c2979c60134bb42d20bbd18c2db) Importer(815301076,1909f56bfc062723c751e8b465ee728b)  -> (artifact id: '4c3994249406c53ac9dbb5129f4d65e5') in 0.017264 seconds
Number of updated asset objects reloaded before import = 0
Number of asset objects unloaded after import = 3
========================================================================
Received Import Request.
  Time since last request: 0.140217 seconds.
  path: Assets/All Assest/Assest 2D/Prop/1024x1024/Ver2Doll/BloodyDolls/BloodyV2Doll_YellowDress_NoHair.png
  artifactKey: Guid(fca018ebdb137fc43b190768a7e5a3ea) Importer(815301076,1909f56bfc062723c751e8b465ee728b)
Start importing Assets/All Assest/Assest 2D/Prop/1024x1024/Ver2Doll/BloodyDolls/BloodyV2Doll_YellowDress_NoHair.png using Guid(fca018ebdb137fc43b190768a7e5a3ea) Importer(815301076,1909f56bfc062723c751e8b465ee728b)  -> (artifact id: 'dd59b016a9aabb920d051a9aebe59cdf') in 0.020696 seconds
Number of updated asset objects reloaded before import = 0
Number of asset objects unloaded after import = 3
========================================================================
Received Import Request.
  Time since last request: 0.645049 seconds.
  path: Assets/All Assest/Assest 2D/Prop/1024x1024/Ver2Doll/BloodyDolls/BloodyV2Doll_BlueSuit_NoHair.png
  artifactKey: Guid(de4b62a26dad9af419b17e7f79a49e92) Importer(815301076,1909f56bfc062723c751e8b465ee728b)
Start importing Assets/All Assest/Assest 2D/Prop/1024x1024/Ver2Doll/BloodyDolls/BloodyV2Doll_BlueSuit_NoHair.png using Guid(de4b62a26dad9af419b17e7f79a49e92) Importer(815301076,1909f56bfc062723c751e8b465ee728b)  -> (artifact id: 'b4294a40cffb7e61bdbf3d6e5cf72720') in 0.016021 seconds
Number of updated asset objects reloaded before import = 0
Number of asset objects unloaded after import = 3
========================================================================
Received Import Request.
  Time since last request: 88.813527 seconds.
  path: ProjectSettings/TagManager.asset
  artifactKey: Guid(00000000000000003000000000000000) Importer(815301076,1909f56bfc062723c751e8b465ee728b)
Start importing ProjectSettings/TagManager.asset using Guid(00000000000000003000000000000000) Importer(815301076,1909f56bfc062723c751e8b465ee728b)  -> (artifact id: '418983522f66a5173ad58a15d7dea77e') in 0.000521 seconds
Number of updated asset objects reloaded before import = 0
Number of asset objects unloaded after import = 0
========================================================================
Received Import Request.
  Time since last request: 224.574057 seconds.
  path: Assets/New Code/DesignDollSelect/CoverDollWithBlood.cs
  artifactKey: Guid(3f45239ab91f28b488e2298362a46adc) Importer(815301076,1909f56bfc062723c751e8b465ee728b)
Start importing Assets/New Code/DesignDollSelect/CoverDollWithBlood.cs using Guid(3f45239ab91f28b488e2298362a46adc) Importer(815301076,1909f56bfc062723c751e8b465ee728b)  -> (artifact id: 'b77daf2aa566f23af3003a5420acf3ca') in 0.000456 seconds
Number of updated asset objects reloaded before import = 0
Number of asset objects unloaded after import = 0
========================================================================
Received Prepare
Begin MonoManager ReloadAssembly
- Loaded All Assemblies, in  0.350 seconds
Refreshing native plugins compatible for Editor in 1.84 ms, found 5 plugins.
Native extension for WindowsStandalone target not found
[Package Manager] Server::EnsureServerProcessIsRunning -- launch failed, reason: Unity was launched with the -noUpm command-line argument
[Package Manager] UpmClient::Send -- Unable to send message (not connected to UPM process).
[Package Manager] Cannot connect to Unity Package Manager local server
Mono: successfully reloaded assembly
- Finished resetting the current domain, in  0.845 seconds
Domain Reload Profiling: 1194ms
	BeginReloadAssembly (110ms)
		ExecutionOrderSort (0ms)
		DisableScriptedObjects (6ms)
		BackupInstance (0ms)
		ReleaseScriptingObjects (0ms)
		CreateAndSetChildDomain (29ms)
	RebuildCommonClasses (20ms)
	RebuildNativeTypeToScriptingClass (8ms)
	initialDomainReloadingComplete (21ms)
	LoadAllAssembliesAndSetupDomain (189ms)
		LoadAssemblies (207ms)
		RebuildTransferFunctionScriptingTraits (0ms)
		AnalyzeDomain (32ms)
			TypeCache.Refresh (8ms)
				TypeCache.ScanAssembly (1ms)
			ScanForSourceGeneratedMonoScriptInfo (16ms)
			ResolveRequiredComponents (8ms)
	FinalizeReload (846ms)
		ReleaseScriptCaches (0ms)
		RebuildScriptCaches (0ms)
		SetupLoadedEditorAssemblies (469ms)
			LogAssemblyErrors (0ms)
			InitializePlatformSupportModulesInManaged (4ms)
			SetLoadedEditorAssemblies (4ms)
			RefreshPlugins (0ms)
			BeforeProcessingInitializeOnLoad (62ms)
			ProcessInitializeOnLoadAttributes (359ms)
			ProcessInitializeOnLoadMethodAttributes (36ms)
			AfterProcessingInitializeOnLoad (4ms)
			EditorAssembliesLoaded (0ms)
		ExecutionOrderSort2 (0ms)
		AwakeInstancesAfterBackupRestoration (15ms)
Refreshing native plugins compatible for Editor in 2.26 ms, found 5 plugins.
Preloading 0 native plugins for Editor in 0.00 ms.
Unloading 6744 Unused Serialized files (Serialized files now loaded: 0)
Unloading 68 unused Assets / (1.7 MB). Loaded Objects now: 7613.
Memory consumption went from 316.9 MB to 315.2 MB.
Total: 3.067800 ms (FindLiveObjects: 0.438000 ms CreateObjectMapping: 0.165400 ms MarkObjects: 2.134800 ms  DeleteObjects: 0.328900 ms)

Prepare: number of updated asset objects reloaded= 0
AssetImportParameters requested are different than current active one (requested -> active):
  custom:container-demuxer-ogg: 62fdf1f143b41e24485cea50d1cbac27 -> 
  custom:framework-win-MediaFoundation: 216162199b28c13a410421893ffa2e32 -> 
  custom:container-muxer-webm: aa71ff27fc2769a1b78a27578f13a17b -> 
  custom:video-decoder-webm-vp8: 9c59270c3fd7afecdb556c50c9e8de78 -> 
  custom:SearchIndexIgnoredProperties: e643bd26f0fe6173181afceb89e7c659 -> 
  custom:AudioImporter_EditorPlatform: d09bf68614088b80899f8185d706f6e7 -> 
  custom:audio-decoder-ogg-vorbis: bf7c407c2cedff20999df2af8eb42d56 -> 
  custom:audio-encoder-webm-vorbis: bf7c407c2cedff20999df2af8eb42d56 -> 
  custom:video-codec-MediaFoundation-h265: 746d11721c4dcdbdad8f713fa42b33f4 -> 
  custom:video-decoder-ogg-theora: a1e56fd34408186e4bbccfd4996cb3dc -> 
  custom:CustomObjectIndexerAttribute: 39606d92bcf39ac9cd6fca1116091104 -> 
  custom:container-demuxer-webm: 4f35f7cbe854078d1ac9338744f61a02 -> 
  custom:video-encoder-webm-vp8: eb34c28f22e8b96e1ab97ce403110664 -> 
========================================================================
Received Import Request.
  Time since last request: 204.106130 seconds.
  path: Assets/New Code/DesignDollSelect/CoverDollWithBlood.cs
  artifactKey: Guid(3f45239ab91f28b488e2298362a46adc) Importer(815301076,1909f56bfc062723c751e8b465ee728b)
Start importing Assets/New Code/DesignDollSelect/CoverDollWithBlood.cs using Guid(3f45239ab91f28b488e2298362a46adc) Importer(815301076,1909f56bfc062723c751e8b465ee728b)  -> (artifact id: '4e051911c72b6587350b5ce08eb7aaa3') in 0.005376 seconds
Number of updated asset objects reloaded before import = 0
Number of asset objects unloaded after import = 0
========================================================================
Received Import Request.
  Time since last request: 15.433953 seconds.
  path: Assets/New Code/DesignDollSelect/CoverDollWithBlood.cs
  artifactKey: Guid(3f45239ab91f28b488e2298362a46adc) Importer(815301076,1909f56bfc062723c751e8b465ee728b)
Start importing Assets/New Code/DesignDollSelect/CoverDollWithBlood.cs using Guid(3f45239ab91f28b488e2298362a46adc) Importer(815301076,1909f56bfc062723c751e8b465ee728b)  -> (artifact id: 'a3535d344e66805a7e0e39b87ba27581') in 0.000323 seconds
Number of updated asset objects reloaded before import = 0
Number of asset objects unloaded after import = 0
========================================================================
Received Import Request.
  Time since last request: 11.479171 seconds.
  path: Assets/New Code/DesignDollSelect/CoverDollWithBlood.cs
  artifactKey: Guid(3f45239ab91f28b488e2298362a46adc) Importer(815301076,1909f56bfc062723c751e8b465ee728b)
Start importing Assets/New Code/DesignDollSelect/CoverDollWithBlood.cs using Guid(3f45239ab91f28b488e2298362a46adc) Importer(815301076,1909f56bfc062723c751e8b465ee728b)  -> (artifact id: '2d6abee9f03709a8aad519ffbc3badb8') in 0.000332 seconds
Number of updated asset objects reloaded before import = 0
Number of asset objects unloaded after import = 0
========================================================================
Received Import Request.
  Time since last request: 143.825899 seconds.
  path: Assets/New Code/DesignDollSelect/CoverDollWithBlood.cs
  artifactKey: Guid(3f45239ab91f28b488e2298362a46adc) Importer(815301076,1909f56bfc062723c751e8b465ee728b)
Start importing Assets/New Code/DesignDollSelect/CoverDollWithBlood.cs using Guid(3f45239ab91f28b488e2298362a46adc) Importer(815301076,1909f56bfc062723c751e8b465ee728b)  -> (artifact id: 'f13da71cf7a260fae600407beb324e56') in 0.000713 seconds
Number of updated asset objects reloaded before import = 0
Number of asset objects unloaded after import = 0
========================================================================
Received Import Request.
  Time since last request: 185.846076 seconds.
  path: Assets/New Code/DesignDollSelect/CoverDollWithBlood.cs
  artifactKey: Guid(3f45239ab91f28b488e2298362a46adc) Importer(815301076,1909f56bfc062723c751e8b465ee728b)
Start importing Assets/New Code/DesignDollSelect/CoverDollWithBlood.cs using Guid(3f45239ab91f28b488e2298362a46adc) Importer(815301076,1909f56bfc062723c751e8b465ee728b)  -> (artifact id: 'd64ed2261d09ed38ca94767477994d3f') in 0.000360 seconds
Number of updated asset objects reloaded before import = 0
Number of asset objects unloaded after import = 0
========================================================================
Received Import Request.
  Time since last request: 133.617840 seconds.
  path: Assets/New Code/DesignDollSelect/CoverDollWithBlood.cs
  artifactKey: Guid(3f45239ab91f28b488e2298362a46adc) Importer(815301076,1909f56bfc062723c751e8b465ee728b)
Start importing Assets/New Code/DesignDollSelect/CoverDollWithBlood.cs using Guid(3f45239ab91f28b488e2298362a46adc) Importer(815301076,1909f56bfc062723c751e8b465ee728b)  -> (artifact id: '4aa02b3cff8e4a84eca9ac28eef13da1') in 0.000471 seconds
Number of updated asset objects reloaded before import = 0
Number of asset objects unloaded after import = 0
========================================================================
Received Import Request.
  Time since last request: 56.402234 seconds.
  path: Assets/New Code/DesignDollSelect/CoverDollWithBlood.cs
  artifactKey: Guid(3f45239ab91f28b488e2298362a46adc) Importer(815301076,1909f56bfc062723c751e8b465ee728b)
Start importing Assets/New Code/DesignDollSelect/CoverDollWithBlood.cs using Guid(3f45239ab91f28b488e2298362a46adc) Importer(815301076,1909f56bfc062723c751e8b465ee728b)  -> (artifact id: '2100138af37cc666163da2e94cf93fe1') in 0.000327 seconds
Number of updated asset objects reloaded before import = 0
Number of asset objects unloaded after import = 0
========================================================================
Received Import Request.
  Time since last request: 78.916870 seconds.
  path: Assets/New Code/DesignDollSelect/CoverDollWithBlood.cs
  artifactKey: Guid(3f45239ab91f28b488e2298362a46adc) Importer(815301076,1909f56bfc062723c751e8b465ee728b)
Start importing Assets/New Code/DesignDollSelect/CoverDollWithBlood.cs using Guid(3f45239ab91f28b488e2298362a46adc) Importer(815301076,1909f56bfc062723c751e8b465ee728b)  -> (artifact id: 'b05451a2fdbfae4cadbb07532e8437ff') in 0.000469 seconds
Number of updated asset objects reloaded before import = 0
Number of asset objects unloaded after import = 0
========================================================================
Received Import Request.
  Time since last request: 6.862864 seconds.
  path: Assets/New Code/DesignDollSelect/CoverDollWithBlood.cs
  artifactKey: Guid(3f45239ab91f28b488e2298362a46adc) Importer(815301076,1909f56bfc062723c751e8b465ee728b)
Start importing Assets/New Code/DesignDollSelect/CoverDollWithBlood.cs using Guid(3f45239ab91f28b488e2298362a46adc) Importer(815301076,1909f56bfc062723c751e8b465ee728b)  -> (artifact id: '7434e4c2d64f411b3b5921d5a8d5460e') in 0.000356 seconds
Number of updated asset objects reloaded before import = 0
Number of asset objects unloaded after import = 0
========================================================================
Received Import Request.
  Time since last request: 23.706291 seconds.
  path: Assets/New Code/DesignDollSelect/CoverDollWithBlood.cs
  artifactKey: Guid(3f45239ab91f28b488e2298362a46adc) Importer(815301076,1909f56bfc062723c751e8b465ee728b)
Start importing Assets/New Code/DesignDollSelect/CoverDollWithBlood.cs using Guid(3f45239ab91f28b488e2298362a46adc) Importer(815301076,1909f56bfc062723c751e8b465ee728b)  -> (artifact id: '25031324250f86b3b99362475de84de5') in 0.000317 seconds
Number of updated asset objects reloaded before import = 0
Number of asset objects unloaded after import = 0
========================================================================
Received Import Request.
  Time since last request: 4.517473 seconds.
  path: Assets/New Code/DesignDollSelect/CoverDollWithBlood.cs
  artifactKey: Guid(3f45239ab91f28b488e2298362a46adc) Importer(815301076,1909f56bfc062723c751e8b465ee728b)
Start importing Assets/New Code/DesignDollSelect/CoverDollWithBlood.cs using Guid(3f45239ab91f28b488e2298362a46adc) Importer(815301076,1909f56bfc062723c751e8b465ee728b)  -> (artifact id: '8955253fbf20cc5c8b75e690258e2c12') in 0.000297 seconds
Number of updated asset objects reloaded before import = 0
Number of asset objects unloaded after import = 0
========================================================================
Received Import Request.
  Time since last request: 430.582619 seconds.
  path: Assets/New Code/DesignDollSelect/CoverDollWithBlood.cs
  artifactKey: Guid(3f45239ab91f28b488e2298362a46adc) Importer(815301076,1909f56bfc062723c751e8b465ee728b)
Start importing Assets/New Code/DesignDollSelect/CoverDollWithBlood.cs using Guid(3f45239ab91f28b488e2298362a46adc) Importer(815301076,1909f56bfc062723c751e8b465ee728b)  -> (artifact id: '0ec9af5b68514d8482c038c3760c04fc') in 0.000509 seconds
Number of updated asset objects reloaded before import = 0
Number of asset objects unloaded after import = 0
========================================================================
Received Import Request.
  Time since last request: 5.400475 seconds.
  path: Assets/New Code/DesignDollSelect/CoverDollWithBlood.cs
  artifactKey: Guid(3f45239ab91f28b488e2298362a46adc) Importer(815301076,1909f56bfc062723c751e8b465ee728b)
Start importing Assets/New Code/DesignDollSelect/CoverDollWithBlood.cs using Guid(3f45239ab91f28b488e2298362a46adc) Importer(815301076,1909f56bfc062723c751e8b465ee728b)  -> (artifact id: '369d335373dbce4e0b8c76ea1b9983ca') in 0.000331 seconds
Number of updated asset objects reloaded before import = 0
Number of asset objects unloaded after import = 0
========================================================================
Received Import Request.
  Time since last request: 15.171805 seconds.
  path: Assets/New Code/DesignDollSelect/CoverDollWithBlood.cs
  artifactKey: Guid(3f45239ab91f28b488e2298362a46adc) Importer(815301076,1909f56bfc062723c751e8b465ee728b)
Start importing Assets/New Code/DesignDollSelect/CoverDollWithBlood.cs using Guid(3f45239ab91f28b488e2298362a46adc) Importer(815301076,1909f56bfc062723c751e8b465ee728b)  -> (artifact id: '2c761dbd339365c9cefabbd38702c440') in 0.000339 seconds
Number of updated asset objects reloaded before import = 0
Number of asset objects unloaded after import = 0
========================================================================
Received Import Request.
  Time since last request: 11.423040 seconds.
  path: Assets/New Code/DesignDollSelect/CoverDollWithBlood.cs
  artifactKey: Guid(3f45239ab91f28b488e2298362a46adc) Importer(815301076,1909f56bfc062723c751e8b465ee728b)
Start importing Assets/New Code/DesignDollSelect/CoverDollWithBlood.cs using Guid(3f45239ab91f28b488e2298362a46adc) Importer(815301076,1909f56bfc062723c751e8b465ee728b)  -> (artifact id: 'ccd34a62abb277fd4b58f0675c5fee45') in 0.000422 seconds
Number of updated asset objects reloaded before import = 0
Number of asset objects unloaded after import = 0
========================================================================
Received Prepare
Begin MonoManager ReloadAssembly
- Loaded All Assemblies, in  0.321 seconds
Refreshing native plugins compatible for Editor in 1.84 ms, found 5 plugins.
Native extension for WindowsStandalone target not found
[Package Manager] Server::EnsureServerProcessIsRunning -- launch failed, reason: Unity was launched with the -noUpm command-line argument
[Package Manager] UpmClient::Send -- Unable to send message (not connected to UPM process).
[Package Manager] Cannot connect to Unity Package Manager local server
Mono: successfully reloaded assembly
- Finished resetting the current domain, in  0.768 seconds
Domain Reload Profiling: 1088ms
	BeginReloadAssembly (109ms)
		ExecutionOrderSort (0ms)
		DisableScriptedObjects (5ms)
		BackupInstance (0ms)
		ReleaseScriptingObjects (0ms)
		CreateAndSetChildDomain (30ms)
	RebuildCommonClasses (19ms)
	RebuildNativeTypeToScriptingClass (7ms)
	initialDomainReloadingComplete (17ms)
	LoadAllAssembliesAndSetupDomain (168ms)
		LoadAssemblies (184ms)
		RebuildTransferFunctionScriptingTraits (0ms)
		AnalyzeDomain (32ms)
			TypeCache.Refresh (9ms)
				TypeCache.ScanAssembly (1ms)
			ScanForSourceGeneratedMonoScriptInfo (15ms)
			ResolveRequiredComponents (7ms)
	FinalizeReload (768ms)
		ReleaseScriptCaches (0ms)
		RebuildScriptCaches (0ms)
		SetupLoadedEditorAssemblies (442ms)
			LogAssemblyErrors (0ms)
			InitializePlatformSupportModulesInManaged (3ms)
			SetLoadedEditorAssemblies (3ms)
			RefreshPlugins (0ms)
			BeforeProcessingInitializeOnLoad (56ms)
			ProcessInitializeOnLoadAttributes (346ms)
			ProcessInitializeOnLoadMethodAttributes (31ms)
			AfterProcessingInitializeOnLoad (3ms)
			EditorAssembliesLoaded (0ms)
		ExecutionOrderSort2 (0ms)
		AwakeInstancesAfterBackupRestoration (13ms)
Refreshing native plugins compatible for Editor in 1.55 ms, found 5 plugins.
Preloading 0 native plugins for Editor in 0.00 ms.
Unloading 6744 Unused Serialized files (Serialized files now loaded: 0)
Unloading 68 unused Assets / (1.7 MB). Loaded Objects now: 7634.
Memory consumption went from 318.9 MB to 317.2 MB.
Total: 3.259100 ms (FindLiveObjects: 0.310300 ms CreateObjectMapping: 0.112400 ms MarkObjects: 2.605200 ms  DeleteObjects: 0.230700 ms)

Prepare: number of updated asset objects reloaded= 0
AssetImportParameters requested are different than current active one (requested -> active):
  custom:container-demuxer-ogg: 62fdf1f143b41e24485cea50d1cbac27 -> 
  custom:framework-win-MediaFoundation: 216162199b28c13a410421893ffa2e32 -> 
  custom:container-muxer-webm: aa71ff27fc2769a1b78a27578f13a17b -> 
  custom:video-decoder-webm-vp8: 9c59270c3fd7afecdb556c50c9e8de78 -> 
  custom:SearchIndexIgnoredProperties: e643bd26f0fe6173181afceb89e7c659 -> 
  custom:AudioImporter_EditorPlatform: d09bf68614088b80899f8185d706f6e7 -> 
  custom:audio-decoder-ogg-vorbis: bf7c407c2cedff20999df2af8eb42d56 -> 
  custom:audio-encoder-webm-vorbis: bf7c407c2cedff20999df2af8eb42d56 -> 
  custom:video-codec-MediaFoundation-h265: 746d11721c4dcdbdad8f713fa42b33f4 -> 
  custom:video-decoder-ogg-theora: a1e56fd34408186e4bbccfd4996cb3dc -> 
  custom:CustomObjectIndexerAttribute: 39606d92bcf39ac9cd6fca1116091104 -> 
  custom:container-demuxer-webm: 4f35f7cbe854078d1ac9338744f61a02 -> 
  custom:video-encoder-webm-vp8: eb34c28f22e8b96e1ab97ce403110664 -> 
========================================================================
Received Prepare
Begin MonoManager ReloadAssembly
- Loaded All Assemblies, in  0.311 seconds
Refreshing native plugins compatible for Editor in 1.73 ms, found 5 plugins.
Native extension for WindowsStandalone target not found
[Package Manager] Server::EnsureServerProcessIsRunning -- launch failed, reason: Unity was launched with the -noUpm command-line argument
[Package Manager] UpmClient::Send -- Unable to send message (not connected to UPM process).
[Package Manager] Cannot connect to Unity Package Manager local server
Mono: successfully reloaded assembly
- Finished resetting the current domain, in  0.789 seconds
Domain Reload Profiling: 1099ms
	BeginReloadAssembly (103ms)
		ExecutionOrderSort (0ms)
		DisableScriptedObjects (6ms)
		BackupInstance (0ms)
		ReleaseScriptingObjects (0ms)
		CreateAndSetChildDomain (25ms)
	RebuildCommonClasses (20ms)
	RebuildNativeTypeToScriptingClass (7ms)
	initialDomainReloadingComplete (17ms)
	LoadAllAssembliesAndSetupDomain (163ms)
		LoadAssemblies (177ms)
		RebuildTransferFunctionScriptingTraits (0ms)
		AnalyzeDomain (33ms)
			TypeCache.Refresh (10ms)
				TypeCache.ScanAssembly (1ms)
			ScanForSourceGeneratedMonoScriptInfo (15ms)
			ResolveRequiredComponents (7ms)
	FinalizeReload (789ms)
		ReleaseScriptCaches (0ms)
		RebuildScriptCaches (0ms)
		SetupLoadedEditorAssemblies (475ms)
			LogAssemblyErrors (0ms)
			InitializePlatformSupportModulesInManaged (3ms)
			SetLoadedEditorAssemblies (3ms)
			RefreshPlugins (0ms)
			BeforeProcessingInitializeOnLoad (61ms)
			ProcessInitializeOnLoadAttributes (372ms)
			ProcessInitializeOnLoadMethodAttributes (33ms)
			AfterProcessingInitializeOnLoad (3ms)
			EditorAssembliesLoaded (0ms)
		ExecutionOrderSort2 (0ms)
		AwakeInstancesAfterBackupRestoration (13ms)
Script is not up to date after domain reload: guid(3f45239ab91f28b488e2298362a46adc) path("Assets/New Code/DesignDollSelect/CoverDollWithBlood.cs") state(2)
Refreshing native plugins compatible for Editor in 1.54 ms, found 5 plugins.
Preloading 0 native plugins for Editor in 0.00 ms.
Unloading 6743 Unused Serialized files (Serialized files now loaded: 0)
Unloading 68 unused Assets / (1.7 MB). Loaded Objects now: 7654.
Memory consumption went from 320.8 MB to 319.1 MB.
Total: 2.408100 ms (FindLiveObjects: 0.261100 ms CreateObjectMapping: 0.096300 ms MarkObjects: 1.826800 ms  DeleteObjects: 0.223400 ms)

Prepare: number of updated asset objects reloaded= 0
AssetImportParameters requested are different than current active one (requested -> active):
  custom:container-demuxer-ogg: 62fdf1f143b41e24485cea50d1cbac27 -> 
  custom:framework-win-MediaFoundation: 216162199b28c13a410421893ffa2e32 -> 
  custom:container-muxer-webm: aa71ff27fc2769a1b78a27578f13a17b -> 
  custom:video-decoder-webm-vp8: 9c59270c3fd7afecdb556c50c9e8de78 -> 
  custom:SearchIndexIgnoredProperties: e643bd26f0fe6173181afceb89e7c659 -> 
  custom:AudioImporter_EditorPlatform: d09bf68614088b80899f8185d706f6e7 -> 
  custom:audio-decoder-ogg-vorbis: bf7c407c2cedff20999df2af8eb42d56 -> 
  custom:audio-encoder-webm-vorbis: bf7c407c2cedff20999df2af8eb42d56 -> 
  custom:video-codec-MediaFoundation-h265: 746d11721c4dcdbdad8f713fa42b33f4 -> 
  custom:video-decoder-ogg-theora: a1e56fd34408186e4bbccfd4996cb3dc -> 
  custom:CustomObjectIndexerAttribute: 39606d92bcf39ac9cd6fca1116091104 -> 
  custom:container-demuxer-webm: 4f35f7cbe854078d1ac9338744f61a02 -> 
  custom:video-encoder-webm-vp8: eb34c28f22e8b96e1ab97ce403110664 -> 
========================================================================
Received Prepare
Begin MonoManager ReloadAssembly
- Loaded All Assemblies, in  0.311 seconds
Refreshing native plugins compatible for Editor in 1.87 ms, found 5 plugins.
Native extension for WindowsStandalone target not found
[Package Manager] Server::EnsureServerProcessIsRunning -- launch failed, reason: Unity was launched with the -noUpm command-line argument
[Package Manager] UpmClient::Send -- Unable to send message (not connected to UPM process).
[Package Manager] Cannot connect to Unity Package Manager local server
Mono: successfully reloaded assembly
- Finished resetting the current domain, in  0.850 seconds
Domain Reload Profiling: 1160ms
	BeginReloadAssembly (104ms)
		ExecutionOrderSort (0ms)
		DisableScriptedObjects (5ms)
		BackupInstance (0ms)
		ReleaseScriptingObjects (0ms)
		CreateAndSetChildDomain (28ms)
	RebuildCommonClasses (18ms)
	RebuildNativeTypeToScriptingClass (7ms)
	initialDomainReloadingComplete (18ms)
	LoadAllAssembliesAndSetupDomain (163ms)
		LoadAssemblies (178ms)
		RebuildTransferFunctionScriptingTraits (0ms)
		AnalyzeDomain (31ms)
			TypeCache.Refresh (8ms)
				TypeCache.ScanAssembly (1ms)
			ScanForSourceGeneratedMonoScriptInfo (15ms)
			ResolveRequiredComponents (7ms)
	FinalizeReload (850ms)
		ReleaseScriptCaches (0ms)
		RebuildScriptCaches (0ms)
		SetupLoadedEditorAssemblies (504ms)
			LogAssemblyErrors (0ms)
			InitializePlatformSupportModulesInManaged (3ms)
			SetLoadedEditorAssemblies (10ms)
			RefreshPlugins (0ms)
			BeforeProcessingInitializeOnLoad (56ms)
			ProcessInitializeOnLoadAttributes (386ms)
			ProcessInitializeOnLoadMethodAttributes (44ms)
			AfterProcessingInitializeOnLoad (4ms)
			EditorAssembliesLoaded (0ms)
		ExecutionOrderSort2 (0ms)
		AwakeInstancesAfterBackupRestoration (13ms)
Script is not up to date after domain reload: guid(3f45239ab91f28b488e2298362a46adc) path("Assets/New Code/DesignDollSelect/CoverDollWithBlood.cs") state(2)
Refreshing native plugins compatible for Editor in 1.70 ms, found 5 plugins.
Preloading 0 native plugins for Editor in 0.00 ms.
Unloading 6743 Unused Serialized files (Serialized files now loaded: 0)
Unloading 68 unused Assets / (1.7 MB). Loaded Objects now: 7675.
Memory consumption went from 322.7 MB to 321.1 MB.
Total: 2.544900 ms (FindLiveObjects: 0.260600 ms CreateObjectMapping: 0.093500 ms MarkObjects: 1.940900 ms  DeleteObjects: 0.249200 ms)

Prepare: number of updated asset objects reloaded= 0
AssetImportParameters requested are different than current active one (requested -> active):
  custom:container-demuxer-ogg: 62fdf1f143b41e24485cea50d1cbac27 -> 
  custom:framework-win-MediaFoundation: 216162199b28c13a410421893ffa2e32 -> 
  custom:container-muxer-webm: aa71ff27fc2769a1b78a27578f13a17b -> 
  custom:video-decoder-webm-vp8: 9c59270c3fd7afecdb556c50c9e8de78 -> 
  custom:SearchIndexIgnoredProperties: e643bd26f0fe6173181afceb89e7c659 -> 
  custom:AudioImporter_EditorPlatform: d09bf68614088b80899f8185d706f6e7 -> 
  custom:audio-decoder-ogg-vorbis: bf7c407c2cedff20999df2af8eb42d56 -> 
  custom:audio-encoder-webm-vorbis: bf7c407c2cedff20999df2af8eb42d56 -> 
  custom:video-codec-MediaFoundation-h265: 746d11721c4dcdbdad8f713fa42b33f4 -> 
  custom:video-decoder-ogg-theora: a1e56fd34408186e4bbccfd4996cb3dc -> 
  custom:CustomObjectIndexerAttribute: 39606d92bcf39ac9cd6fca1116091104 -> 
  custom:container-demuxer-webm: 4f35f7cbe854078d1ac9338744f61a02 -> 
  custom:video-encoder-webm-vp8: eb34c28f22e8b96e1ab97ce403110664 -> 
========================================================================
Received Prepare
Begin MonoManager ReloadAssembly
- Loaded All Assemblies, in  0.319 seconds
Refreshing native plugins compatible for Editor in 2.07 ms, found 5 plugins.
Native extension for WindowsStandalone target not found
[Package Manager] Server::EnsureServerProcessIsRunning -- launch failed, reason: Unity was launched with the -noUpm command-line argument
[Package Manager] UpmClient::Send -- Unable to send message (not connected to UPM process).
[Package Manager] Cannot connect to Unity Package Manager local server
Mono: successfully reloaded assembly
- Finished resetting the current domain, in  0.745 seconds
Domain Reload Profiling: 1063ms
	BeginReloadAssembly (114ms)
		ExecutionOrderSort (0ms)
		DisableScriptedObjects (5ms)
		BackupInstance (0ms)
		ReleaseScriptingObjects (0ms)
		CreateAndSetChildDomain (29ms)
	RebuildCommonClasses (19ms)
	RebuildNativeTypeToScriptingClass (9ms)
	initialDomainReloadingComplete (17ms)
	LoadAllAssembliesAndSetupDomain (159ms)
		LoadAssemblies (179ms)
		RebuildTransferFunctionScriptingTraits (0ms)
		AnalyzeDomain (34ms)
			TypeCache.Refresh (10ms)
				TypeCache.ScanAssembly (1ms)
			ScanForSourceGeneratedMonoScriptInfo (17ms)
			ResolveRequiredComponents (7ms)
	FinalizeReload (745ms)
		ReleaseScriptCaches (0ms)
		RebuildScriptCaches (0ms)
		SetupLoadedEditorAssemblies (433ms)
			LogAssemblyErrors (0ms)
			InitializePlatformSupportModulesInManaged (3ms)
			SetLoadedEditorAssemblies (3ms)
			RefreshPlugins (0ms)
			BeforeProcessingInitializeOnLoad (58ms)
			ProcessInitializeOnLoadAttributes (333ms)
			ProcessInitializeOnLoadMethodAttributes (32ms)
			AfterProcessingInitializeOnLoad (3ms)
			EditorAssembliesLoaded (0ms)
		ExecutionOrderSort2 (0ms)
		AwakeInstancesAfterBackupRestoration (12ms)
Refreshing native plugins compatible for Editor in 1.52 ms, found 5 plugins.
Preloading 0 native plugins for Editor in 0.00 ms.
Unloading 6744 Unused Serialized files (Serialized files now loaded: 0)
Unloading 68 unused Assets / (1.7 MB). Loaded Objects now: 7697.
Memory consumption went from 324.7 MB to 323.1 MB.
Total: 2.435600 ms (FindLiveObjects: 0.265400 ms CreateObjectMapping: 0.105000 ms MarkObjects: 1.853200 ms  DeleteObjects: 0.211200 ms)

Prepare: number of updated asset objects reloaded= 0
AssetImportParameters requested are different than current active one (requested -> active):
  custom:container-demuxer-ogg: 62fdf1f143b41e24485cea50d1cbac27 -> 
  custom:framework-win-MediaFoundation: 216162199b28c13a410421893ffa2e32 -> 
  custom:container-muxer-webm: aa71ff27fc2769a1b78a27578f13a17b -> 
  custom:video-decoder-webm-vp8: 9c59270c3fd7afecdb556c50c9e8de78 -> 
  custom:SearchIndexIgnoredProperties: e643bd26f0fe6173181afceb89e7c659 -> 
  custom:AudioImporter_EditorPlatform: d09bf68614088b80899f8185d706f6e7 -> 
  custom:audio-decoder-ogg-vorbis: bf7c407c2cedff20999df2af8eb42d56 -> 
  custom:audio-encoder-webm-vorbis: bf7c407c2cedff20999df2af8eb42d56 -> 
  custom:video-codec-MediaFoundation-h265: 746d11721c4dcdbdad8f713fa42b33f4 -> 
  custom:video-decoder-ogg-theora: a1e56fd34408186e4bbccfd4996cb3dc -> 
  custom:CustomObjectIndexerAttribute: 39606d92bcf39ac9cd6fca1116091104 -> 
  custom:container-demuxer-webm: 4f35f7cbe854078d1ac9338744f61a02 -> 
  custom:video-encoder-webm-vp8: eb34c28f22e8b96e1ab97ce403110664 -> 
========================================================================
Received Import Request.
  Time since last request: 118.394130 seconds.
  path: Assets/All Assest/Assest 2D/Prop/1024x1024/Ver2Doll/BloodyDolls/Animation/GreenDressGirl
  artifactKey: Guid(b5bc044591affd14fae617e50547e552) Importer(815301076,1909f56bfc062723c751e8b465ee728b)
Start importing Assets/All Assest/Assest 2D/Prop/1024x1024/Ver2Doll/BloodyDolls/Animation/GreenDressGirl using Guid(b5bc044591affd14fae617e50547e552) Importer(815301076,1909f56bfc062723c751e8b465ee728b)  -> (artifact id: '6b8af1d1845e268629a90bc142a1a362') in 0.004190 seconds
Number of updated asset objects reloaded before import = 0
Number of asset objects unloaded after import = 0
========================================================================
Received Import Request.
  Time since last request: 1.067342 seconds.
  path: Assets/All Assest/Assest 2D/Prop/1024x1024/Ver2Doll/BloodyDolls/Animation/GreenDressGirl/(1)BloodyV2Doll_GreenDress_NoHair.png
  artifactKey: Guid(1e05176c164b8d84588ba1695b729424) Importer(815301076,1909f56bfc062723c751e8b465ee728b)
Start importing Assets/All Assest/Assest 2D/Prop/1024x1024/Ver2Doll/BloodyDolls/Animation/GreenDressGirl/(1)BloodyV2Doll_GreenDress_NoHair.png using Guid(1e05176c164b8d84588ba1695b729424) Importer(815301076,1909f56bfc062723c751e8b465ee728b)  -> (artifact id: 'c7b8ea141c4f1a669bb3806424687162') in 0.037135 seconds
Number of updated asset objects reloaded before import = 0
Number of asset objects unloaded after import = 3
========================================================================
Received Import Request.
  Time since last request: 0.914973 seconds.
  path: Assets/All Assest/Assest 2D/Prop/1024x1024/Ver2Doll/BloodyDolls/Animation/GreenDressGirl/(2)BloodyV2Doll_GreenDress_NoHair.png
  artifactKey: Guid(d8abe3ff39684bf4b8a4b1e8283ab756) Importer(815301076,1909f56bfc062723c751e8b465ee728b)
Start importing Assets/All Assest/Assest 2D/Prop/1024x1024/Ver2Doll/BloodyDolls/Animation/GreenDressGirl/(2)BloodyV2Doll_GreenDress_NoHair.png using Guid(d8abe3ff39684bf4b8a4b1e8283ab756) Importer(815301076,1909f56bfc062723c751e8b465ee728b)  -> (artifact id: 'f7e73b669a5103ab083b9468c88d4c62') in 0.022692 seconds
Number of updated asset objects reloaded before import = 0
Number of asset objects unloaded after import = 3
========================================================================
Received Import Request.
  Time since last request: 0.142892 seconds.
  path: Assets/All Assest/Assest 2D/Prop/1024x1024/Ver2Doll/BloodyDolls/Animation/GreenDressGirl/(3)BloodyV2Doll_GreenDress_NoHair.png
  artifactKey: Guid(a4a386a3e0bace7439da213c39bcc307) Importer(815301076,1909f56bfc062723c751e8b465ee728b)
Start importing Assets/All Assest/Assest 2D/Prop/1024x1024/Ver2Doll/BloodyDolls/Animation/GreenDressGirl/(3)BloodyV2Doll_GreenDress_NoHair.png using Guid(a4a386a3e0bace7439da213c39bcc307) Importer(815301076,1909f56bfc062723c751e8b465ee728b)  -> (artifact id: '8162c9f73526c3c70b780412db48ddd6') in 0.013682 seconds
Number of updated asset objects reloaded before import = 0
Number of asset objects unloaded after import = 3
========================================================================
Received Import Request.
  Time since last request: 292.552168 seconds.
  path: Assets/All Assest/Assest 2D/Prop/1024x1024/Ver2Doll/BloodyDolls/BloodyDollRed.prefab
  artifactKey: Guid(ab8d7691f284b6140a26c5eba735bd89) Importer(815301076,1909f56bfc062723c751e8b465ee728b)
Start importing Assets/All Assest/Assest 2D/Prop/1024x1024/Ver2Doll/BloodyDolls/BloodyDollRed.prefab using Guid(ab8d7691f284b6140a26c5eba735bd89) Importer(815301076,1909f56bfc062723c751e8b465ee728b)  -> (artifact id: '351d82681adfeb09175a1f504893f587') in 0.158415 seconds
Number of updated asset objects reloaded before import = 0
Number of asset objects unloaded after import = 33
========================================================================
Received Import Request.
  Time since last request: 23.123992 seconds.
  path: Assets/All Assest/Assest 2D/Prop/1024x1024/Ver2Doll/BloodyDolls/BloodyDollGreen.prefab
  artifactKey: Guid(e13fd8aa1d3e4d74391e1b707a925abe) Importer(815301076,1909f56bfc062723c751e8b465ee728b)
Start importing Assets/All Assest/Assest 2D/Prop/1024x1024/Ver2Doll/BloodyDolls/BloodyDollGreen.prefab using Guid(e13fd8aa1d3e4d74391e1b707a925abe) Importer(815301076,1909f56bfc062723c751e8b465ee728b)  -> (artifact id: '7667a3a3bec9fc449092c9e67437d8a3') in 0.010768 seconds
Number of updated asset objects reloaded before import = 0
Number of asset objects unloaded after import = 14
========================================================================
Received Import Request.
  Time since last request: 25.137845 seconds.
  path: Assets/All Assest/Assest 2D/Prop/1024x1024/Ver2Doll/BloodyDolls/BloodyDollYellow.prefab
  artifactKey: Guid(1baa9b23c04dd0a4d9257f27f3a51678) Importer(815301076,1909f56bfc062723c751e8b465ee728b)
Start importing Assets/All Assest/Assest 2D/Prop/1024x1024/Ver2Doll/BloodyDolls/BloodyDollYellow.prefab using Guid(1baa9b23c04dd0a4d9257f27f3a51678) Importer(815301076,1909f56bfc062723c751e8b465ee728b)  -> (artifact id: '481045846c4fb894b0cc36e6149aa8c9') in 0.011639 seconds
Number of updated asset objects reloaded before import = 0
Number of asset objects unloaded after import = 14
========================================================================
Received Prepare
Begin MonoManager ReloadAssembly
- Loaded All Assemblies, in  0.341 seconds
Refreshing native plugins compatible for Editor in 2.37 ms, found 5 plugins.
Native extension for WindowsStandalone target not found
[Package Manager] Server::EnsureServerProcessIsRunning -- launch failed, reason: Unity was launched with the -noUpm command-line argument
[Package Manager] UpmClient::Send -- Unable to send message (not connected to UPM process).
[Package Manager] Cannot connect to Unity Package Manager local server
Mono: successfully reloaded assembly
- Finished resetting the current domain, in  0.747 seconds
Domain Reload Profiling: 1087ms
	BeginReloadAssembly (120ms)
		ExecutionOrderSort (0ms)
		DisableScriptedObjects (11ms)
		BackupInstance (0ms)
		ReleaseScriptingObjects (0ms)
		CreateAndSetChildDomain (30ms)
	RebuildCommonClasses (19ms)
	RebuildNativeTypeToScriptingClass (7ms)
	initialDomainReloadingComplete (18ms)
	LoadAllAssembliesAndSetupDomain (175ms)
		LoadAssemblies (196ms)
		RebuildTransferFunctionScriptingTraits (0ms)
		AnalyzeDomain (33ms)
			TypeCache.Refresh (9ms)
				TypeCache.ScanAssembly (1ms)
			ScanForSourceGeneratedMonoScriptInfo (16ms)
			ResolveRequiredComponents (7ms)
	FinalizeReload (747ms)
		ReleaseScriptCaches (0ms)
		RebuildScriptCaches (0ms)
		SetupLoadedEditorAssemblies (404ms)
			LogAssemblyErrors (0ms)
			InitializePlatformSupportModulesInManaged (3ms)
			SetLoadedEditorAssemblies (2ms)
			RefreshPlugins (0ms)
			BeforeProcessingInitializeOnLoad (48ms)
			ProcessInitializeOnLoadAttributes (315ms)
			ProcessInitializeOnLoadMethodAttributes (33ms)
			AfterProcessingInitializeOnLoad (3ms)
			EditorAssembliesLoaded (0ms)
		ExecutionOrderSort2 (0ms)
		AwakeInstancesAfterBackupRestoration (14ms)
Refreshing native plugins compatible for Editor in 1.51 ms, found 5 plugins.
Preloading 0 native plugins for Editor in 0.00 ms.
Unloading 6744 Unused Serialized files (Serialized files now loaded: 0)
Unloading 68 unused Assets / (1.7 MB). Loaded Objects now: 7766.
Memory consumption went from 373.7 MB to 372.0 MB.
Total: 2.659800 ms (FindLiveObjects: 0.268600 ms CreateObjectMapping: 0.101300 ms MarkObjects: 2.063500 ms  DeleteObjects: 0.225800 ms)

Prepare: number of updated asset objects reloaded= 0
AssetImportParameters requested are different than current active one (requested -> active):
  custom:container-demuxer-ogg: 62fdf1f143b41e24485cea50d1cbac27 -> 
  custom:framework-win-MediaFoundation: 216162199b28c13a410421893ffa2e32 -> 
  custom:container-muxer-webm: aa71ff27fc2769a1b78a27578f13a17b -> 
  custom:video-decoder-webm-vp8: 9c59270c3fd7afecdb556c50c9e8de78 -> 
  custom:SearchIndexIgnoredProperties: e643bd26f0fe6173181afceb89e7c659 -> 
  custom:AudioImporter_EditorPlatform: d09bf68614088b80899f8185d706f6e7 -> 
  custom:audio-decoder-ogg-vorbis: bf7c407c2cedff20999df2af8eb42d56 -> 
  custom:audio-encoder-webm-vorbis: bf7c407c2cedff20999df2af8eb42d56 -> 
  custom:video-codec-MediaFoundation-h265: 746d11721c4dcdbdad8f713fa42b33f4 -> 
  custom:video-decoder-ogg-theora: a1e56fd34408186e4bbccfd4996cb3dc -> 
  custom:CustomObjectIndexerAttribute: 39606d92bcf39ac9cd6fca1116091104 -> 
  custom:container-demuxer-webm: 4f35f7cbe854078d1ac9338744f61a02 -> 
  custom:video-encoder-webm-vp8: eb34c28f22e8b96e1ab97ce403110664 -> 
========================================================================
Received Prepare
Begin MonoManager ReloadAssembly
- Loaded All Assemblies, in  0.311 seconds
Refreshing native plugins compatible for Editor in 1.72 ms, found 5 plugins.
Native extension for WindowsStandalone target not found
[Package Manager] Server::EnsureServerProcessIsRunning -- launch failed, reason: Unity was launched with the -noUpm command-line argument
[Package Manager] UpmClient::Send -- Unable to send message (not connected to UPM process).
[Package Manager] Cannot connect to Unity Package Manager local server
Mono: successfully reloaded assembly
- Finished resetting the current domain, in  0.769 seconds
Domain Reload Profiling: 1079ms
	BeginReloadAssembly (102ms)
		ExecutionOrderSort (0ms)
		DisableScriptedObjects (5ms)
		BackupInstance (0ms)
		ReleaseScriptingObjects (0ms)
		CreateAndSetChildDomain (26ms)
	RebuildCommonClasses (18ms)
	RebuildNativeTypeToScriptingClass (6ms)
	initialDomainReloadingComplete (17ms)
	LoadAllAssembliesAndSetupDomain (167ms)
		LoadAssemblies (181ms)
		RebuildTransferFunctionScriptingTraits (0ms)
		AnalyzeDomain (31ms)
			TypeCache.Refresh (8ms)
				TypeCache.ScanAssembly (1ms)
			ScanForSourceGeneratedMonoScriptInfo (15ms)
			ResolveRequiredComponents (8ms)
	FinalizeReload (769ms)
		ReleaseScriptCaches (0ms)
		RebuildScriptCaches (0ms)
		SetupLoadedEditorAssemblies (420ms)
			LogAssemblyErrors (0ms)
			InitializePlatformSupportModulesInManaged (3ms)
			SetLoadedEditorAssemblies (4ms)
			RefreshPlugins (0ms)
			BeforeProcessingInitializeOnLoad (55ms)
			ProcessInitializeOnLoadAttributes (322ms)
			ProcessInitializeOnLoadMethodAttributes (32ms)
			AfterProcessingInitializeOnLoad (3ms)
			EditorAssembliesLoaded (0ms)
		ExecutionOrderSort2 (0ms)
		AwakeInstancesAfterBackupRestoration (14ms)
Refreshing native plugins compatible for Editor in 1.62 ms, found 5 plugins.
Preloading 0 native plugins for Editor in 0.00 ms.
Unloading 6744 Unused Serialized files (Serialized files now loaded: 0)
Unloading 68 unused Assets / (1.7 MB). Loaded Objects now: 7787.
Memory consumption went from 375.6 MB to 373.9 MB.
Total: 2.510700 ms (FindLiveObjects: 0.258100 ms CreateObjectMapping: 0.100700 ms MarkObjects: 1.939600 ms  DeleteObjects: 0.211600 ms)

Prepare: number of updated asset objects reloaded= 0
AssetImportParameters requested are different than current active one (requested -> active):
  custom:container-demuxer-ogg: 62fdf1f143b41e24485cea50d1cbac27 -> 
  custom:framework-win-MediaFoundation: 216162199b28c13a410421893ffa2e32 -> 
  custom:container-muxer-webm: aa71ff27fc2769a1b78a27578f13a17b -> 
  custom:video-decoder-webm-vp8: 9c59270c3fd7afecdb556c50c9e8de78 -> 
  custom:SearchIndexIgnoredProperties: e643bd26f0fe6173181afceb89e7c659 -> 
  custom:AudioImporter_EditorPlatform: d09bf68614088b80899f8185d706f6e7 -> 
  custom:audio-decoder-ogg-vorbis: bf7c407c2cedff20999df2af8eb42d56 -> 
  custom:audio-encoder-webm-vorbis: bf7c407c2cedff20999df2af8eb42d56 -> 
  custom:video-codec-MediaFoundation-h265: 746d11721c4dcdbdad8f713fa42b33f4 -> 
  custom:video-decoder-ogg-theora: a1e56fd34408186e4bbccfd4996cb3dc -> 
  custom:CustomObjectIndexerAttribute: 39606d92bcf39ac9cd6fca1116091104 -> 
  custom:container-demuxer-webm: 4f35f7cbe854078d1ac9338744f61a02 -> 
  custom:video-encoder-webm-vp8: eb34c28f22e8b96e1ab97ce403110664 -> 
========================================================================
Received Prepare
Begin MonoManager ReloadAssembly
- Loaded All Assemblies, in  0.322 seconds
Refreshing native plugins compatible for Editor in 1.61 ms, found 5 plugins.
Native extension for WindowsStandalone target not found
[Package Manager] Server::EnsureServerProcessIsRunning -- launch failed, reason: Unity was launched with the -noUpm command-line argument
[Package Manager] UpmClient::Send -- Unable to send message (not connected to UPM process).
[Package Manager] Cannot connect to Unity Package Manager local server
Mono: successfully reloaded assembly
- Finished resetting the current domain, in  0.770 seconds
Domain Reload Profiling: 1090ms
	BeginReloadAssembly (109ms)
		ExecutionOrderSort (0ms)
		DisableScriptedObjects (6ms)
		BackupInstance (0ms)
		ReleaseScriptingObjects (0ms)
		CreateAndSetChildDomain (29ms)
	RebuildCommonClasses (19ms)
	RebuildNativeTypeToScriptingClass (7ms)
	initialDomainReloadingComplete (17ms)
	LoadAllAssembliesAndSetupDomain (169ms)
		LoadAssemblies (185ms)
		RebuildTransferFunctionScriptingTraits (0ms)
		AnalyzeDomain (32ms)
			TypeCache.Refresh (9ms)
				TypeCache.ScanAssembly (1ms)
			ScanForSourceGeneratedMonoScriptInfo (16ms)
			ResolveRequiredComponents (7ms)
	FinalizeReload (770ms)
		ReleaseScriptCaches (0ms)
		RebuildScriptCaches (0ms)
		SetupLoadedEditorAssemblies (418ms)
			LogAssemblyErrors (0ms)
			InitializePlatformSupportModulesInManaged (3ms)
			SetLoadedEditorAssemblies (4ms)
			RefreshPlugins (0ms)
			BeforeProcessingInitializeOnLoad (53ms)
			ProcessInitializeOnLoadAttributes (322ms)
			ProcessInitializeOnLoadMethodAttributes (33ms)
			AfterProcessingInitializeOnLoad (3ms)
			EditorAssembliesLoaded (0ms)
		ExecutionOrderSort2 (0ms)
		AwakeInstancesAfterBackupRestoration (16ms)
Refreshing native plugins compatible for Editor in 1.87 ms, found 5 plugins.
Preloading 0 native plugins for Editor in 0.00 ms.
Unloading 6744 Unused Serialized files (Serialized files now loaded: 0)
Unloading 68 unused Assets / (1.7 MB). Loaded Objects now: 7808.
Memory consumption went from 377.5 MB to 375.8 MB.
Total: 2.511600 ms (FindLiveObjects: 0.245200 ms CreateObjectMapping: 0.100900 ms MarkObjects: 1.952200 ms  DeleteObjects: 0.212400 ms)

Prepare: number of updated asset objects reloaded= 0
AssetImportParameters requested are different than current active one (requested -> active):
  custom:container-demuxer-ogg: 62fdf1f143b41e24485cea50d1cbac27 -> 
  custom:framework-win-MediaFoundation: 216162199b28c13a410421893ffa2e32 -> 
  custom:container-muxer-webm: aa71ff27fc2769a1b78a27578f13a17b -> 
  custom:video-decoder-webm-vp8: 9c59270c3fd7afecdb556c50c9e8de78 -> 
  custom:SearchIndexIgnoredProperties: e643bd26f0fe6173181afceb89e7c659 -> 
  custom:AudioImporter_EditorPlatform: d09bf68614088b80899f8185d706f6e7 -> 
  custom:audio-decoder-ogg-vorbis: bf7c407c2cedff20999df2af8eb42d56 -> 
  custom:audio-encoder-webm-vorbis: bf7c407c2cedff20999df2af8eb42d56 -> 
  custom:video-codec-MediaFoundation-h265: 746d11721c4dcdbdad8f713fa42b33f4 -> 
  custom:video-decoder-ogg-theora: a1e56fd34408186e4bbccfd4996cb3dc -> 
  custom:CustomObjectIndexerAttribute: 39606d92bcf39ac9cd6fca1116091104 -> 
  custom:container-demuxer-webm: 4f35f7cbe854078d1ac9338744f61a02 -> 
  custom:video-encoder-webm-vp8: eb34c28f22e8b96e1ab97ce403110664 -> 
========================================================================
Received Import Request.
  Time since last request: 539.535126 seconds.
  path: ProjectSettings/TagManager.asset
  artifactKey: Guid(00000000000000003000000000000000) Importer(815301076,1909f56bfc062723c751e8b465ee728b)
Start importing ProjectSettings/TagManager.asset using Guid(00000000000000003000000000000000) Importer(815301076,1909f56bfc062723c751e8b465ee728b)  -> (artifact id: 'a5032f053fba74302612e07490ccd170') in 0.007804 seconds
Number of updated asset objects reloaded before import = 0
Number of asset objects unloaded after import = 0
========================================================================
Received Import Request.
  Time since last request: 61.127915 seconds.
  path: Assets/All Assest/Assest 2D/Prop/1024x1024/Ver2Doll/BloodyDolls/BloodyDollGreen.prefab
  artifactKey: Guid(e13fd8aa1d3e4d74391e1b707a925abe) Importer(815301076,1909f56bfc062723c751e8b465ee728b)
Start importing Assets/All Assest/Assest 2D/Prop/1024x1024/Ver2Doll/BloodyDolls/BloodyDollGreen.prefab using Guid(e13fd8aa1d3e4d74391e1b707a925abe) Importer(815301076,1909f56bfc062723c751e8b465ee728b)  -> (artifact id: '86484b11abcaa32f71e0cb9db1561551') in 0.151470 seconds
Number of updated asset objects reloaded before import = 0
Number of asset objects unloaded after import = 33
========================================================================
Received Import Request.
  Time since last request: 6.216771 seconds.
  path: Assets/All Assest/Assest 2D/Prop/1024x1024/Ver2Doll/BloodyDolls/BloodyDollRed.prefab
  artifactKey: Guid(ab8d7691f284b6140a26c5eba735bd89) Importer(815301076,1909f56bfc062723c751e8b465ee728b)
Start importing Assets/All Assest/Assest 2D/Prop/1024x1024/Ver2Doll/BloodyDolls/BloodyDollRed.prefab using Guid(ab8d7691f284b6140a26c5eba735bd89) Importer(815301076,1909f56bfc062723c751e8b465ee728b)  -> (artifact id: 'c757ae3131ae328ddf6af4cd005a8577') in 0.013643 seconds
Number of updated asset objects reloaded before import = 0
Number of asset objects unloaded after import = 14
========================================================================
Received Import Request.
  Time since last request: 5.304336 seconds.
  path: Assets/All Assest/Assest 2D/Prop/1024x1024/Ver2Doll/BloodyDolls/BloodyDollYellow.prefab
  artifactKey: Guid(1baa9b23c04dd0a4d9257f27f3a51678) Importer(815301076,1909f56bfc062723c751e8b465ee728b)
Start importing Assets/All Assest/Assest 2D/Prop/1024x1024/Ver2Doll/BloodyDolls/BloodyDollYellow.prefab using Guid(1baa9b23c04dd0a4d9257f27f3a51678) Importer(815301076,1909f56bfc062723c751e8b465ee728b)  -> (artifact id: 'adaf652d8a4be175179a56a196cea95b') in 0.011400 seconds
Number of updated asset objects reloaded before import = 0
Number of asset objects unloaded after import = 14
========================================================================
Received Prepare
Begin MonoManager ReloadAssembly
- Loaded All Assemblies, in  0.331 seconds
Refreshing native plugins compatible for Editor in 1.73 ms, found 5 plugins.
Native extension for WindowsStandalone target not found
[Package Manager] Server::EnsureServerProcessIsRunning -- launch failed, reason: Unity was launched with the -noUpm command-line argument
[Package Manager] UpmClient::Send -- Unable to send message (not connected to UPM process).
[Package Manager] Cannot connect to Unity Package Manager local server
Mono: successfully reloaded assembly
- Finished resetting the current domain, in  0.768 seconds
Domain Reload Profiling: 1097ms
	BeginReloadAssembly (116ms)
		ExecutionOrderSort (0ms)
		DisableScriptedObjects (8ms)
		BackupInstance (0ms)
		ReleaseScriptingObjects (0ms)
		CreateAndSetChildDomain (32ms)
	RebuildCommonClasses (18ms)
	RebuildNativeTypeToScriptingClass (6ms)
	initialDomainReloadingComplete (19ms)
	LoadAllAssembliesAndSetupDomain (171ms)
		LoadAssemblies (189ms)
		RebuildTransferFunctionScriptingTraits (0ms)
		AnalyzeDomain (31ms)
			TypeCache.Refresh (8ms)
				TypeCache.ScanAssembly (1ms)
			ScanForSourceGeneratedMonoScriptInfo (15ms)
			ResolveRequiredComponents (7ms)
	FinalizeReload (768ms)
		ReleaseScriptCaches (0ms)
		RebuildScriptCaches (0ms)
		SetupLoadedEditorAssemblies (417ms)
			LogAssemblyErrors (0ms)
			InitializePlatformSupportModulesInManaged (3ms)
			SetLoadedEditorAssemblies (3ms)
			RefreshPlugins (0ms)
			BeforeProcessingInitializeOnLoad (50ms)
			ProcessInitializeOnLoadAttributes (325ms)
			ProcessInitializeOnLoadMethodAttributes (32ms)
			AfterProcessingInitializeOnLoad (4ms)
			EditorAssembliesLoaded (0ms)
		ExecutionOrderSort2 (0ms)
		AwakeInstancesAfterBackupRestoration (15ms)
Refreshing native plugins compatible for Editor in 1.63 ms, found 5 plugins.
Preloading 0 native plugins for Editor in 0.00 ms.
Unloading 6744 Unused Serialized files (Serialized files now loaded: 0)
Unloading 68 unused Assets / (1.7 MB). Loaded Objects now: 7871.
Memory consumption went from 383.8 MB to 382.1 MB.
Total: 2.677200 ms (FindLiveObjects: 0.284900 ms CreateObjectMapping: 0.113500 ms MarkObjects: 2.057400 ms  DeleteObjects: 0.220900 ms)

Prepare: number of updated asset objects reloaded= 0
AssetImportParameters requested are different than current active one (requested -> active):
  custom:container-demuxer-ogg: 62fdf1f143b41e24485cea50d1cbac27 -> 
  custom:framework-win-MediaFoundation: 216162199b28c13a410421893ffa2e32 -> 
  custom:container-muxer-webm: aa71ff27fc2769a1b78a27578f13a17b -> 
  custom:video-decoder-webm-vp8: 9c59270c3fd7afecdb556c50c9e8de78 -> 
  custom:SearchIndexIgnoredProperties: e643bd26f0fe6173181afceb89e7c659 -> 
  custom:AudioImporter_EditorPlatform: d09bf68614088b80899f8185d706f6e7 -> 
  custom:audio-decoder-ogg-vorbis: bf7c407c2cedff20999df2af8eb42d56 -> 
  custom:audio-encoder-webm-vorbis: bf7c407c2cedff20999df2af8eb42d56 -> 
  custom:video-codec-MediaFoundation-h265: 746d11721c4dcdbdad8f713fa42b33f4 -> 
  custom:video-decoder-ogg-theora: a1e56fd34408186e4bbccfd4996cb3dc -> 
  custom:CustomObjectIndexerAttribute: 39606d92bcf39ac9cd6fca1116091104 -> 
  custom:container-demuxer-webm: 4f35f7cbe854078d1ac9338744f61a02 -> 
  custom:video-encoder-webm-vp8: eb34c28f22e8b96e1ab97ce403110664 -> 
========================================================================
Received Import Request.
  Time since last request: 150.759941 seconds.
  path: Assets/New Code/Inventory/Item/BloodyDolls
  artifactKey: Guid(4bd157df8b1568c40af2400d4b2b9fc2) Importer(815301076,1909f56bfc062723c751e8b465ee728b)
Start importing Assets/New Code/Inventory/Item/BloodyDolls using Guid(4bd157df8b1568c40af2400d4b2b9fc2) Importer(815301076,1909f56bfc062723c751e8b465ee728b)  -> (artifact id: '8e940d953f6e409e22628f059c25396f') in 0.004541 seconds
Number of updated asset objects reloaded before import = 0
Number of asset objects unloaded after import = 0
========================================================================
Received Import Request.
  Time since last request: 13.200077 seconds.
  path: Assets/New Code/Inventory/Item/BloodyDolls/BloodyDollRed.asset
  artifactKey: Guid(ae6f959ef4179d54281b98de472af065) Importer(815301076,1909f56bfc062723c751e8b465ee728b)
Start importing Assets/New Code/Inventory/Item/BloodyDolls/BloodyDollRed.asset using Guid(ae6f959ef4179d54281b98de472af065) Importer(815301076,1909f56bfc062723c751e8b465ee728b)  -> (artifact id: 'c38b7b9a21836e00e7878cdf3a862cca') in 0.008515 seconds
Number of updated asset objects reloaded before import = 0
Number of asset objects unloaded after import = 1
========================================================================
Received Import Request.
  Time since last request: 3.620269 seconds.
  path: Assets/New Code/Inventory/Item/BloodyDolls/BloodyDollRed 1.asset
  artifactKey: Guid(8e3b5405a042b8f47b16ce327b4c7626) Importer(815301076,1909f56bfc062723c751e8b465ee728b)
Start importing Assets/New Code/Inventory/Item/BloodyDolls/BloodyDollRed 1.asset using Guid(8e3b5405a042b8f47b16ce327b4c7626) Importer(815301076,1909f56bfc062723c751e8b465ee728b)  -> (artifact id: '7f5c9fc47d838f7f113aed1fad9287c0') in 0.000671 seconds
Number of updated asset objects reloaded before import = 0
Number of asset objects unloaded after import = 1
========================================================================
Received Import Request.
  Time since last request: 0.495498 seconds.
  path: Assets/New Code/Inventory/Item/BloodyDolls/BloodyDollRed 2.asset
  artifactKey: Guid(5e5ea090621893642a81715af643809d) Importer(815301076,1909f56bfc062723c751e8b465ee728b)
Start importing Assets/New Code/Inventory/Item/BloodyDolls/BloodyDollRed 2.asset using Guid(5e5ea090621893642a81715af643809d) Importer(815301076,1909f56bfc062723c751e8b465ee728b)  -> (artifact id: '66a9da3f14ee6f541b72acdcc6a827bd') in 0.000611 seconds
Number of updated asset objects reloaded before import = 0
Number of asset objects unloaded after import = 1
========================================================================
Received Import Request.
  Time since last request: 7.837842 seconds.
  path: Assets/New Code/Inventory/Item/BloodyDolls/BloodyDollBlue.asset
  artifactKey: Guid(8e3b5405a042b8f47b16ce327b4c7626) Importer(815301076,1909f56bfc062723c751e8b465ee728b)
Start importing Assets/New Code/Inventory/Item/BloodyDolls/BloodyDollBlue.asset using Guid(8e3b5405a042b8f47b16ce327b4c7626) Importer(815301076,1909f56bfc062723c751e8b465ee728b)  -> (artifact id: '93c441fba9144d560edb3b26d22512d8') in 0.000604 seconds
Number of updated asset objects reloaded before import = 0
Number of asset objects unloaded after import = 1
========================================================================
Received Import Request.
  Time since last request: 5.952858 seconds.
  path: Assets/New Code/Inventory/Item/BloodyDolls/BloodyDollGreen.asset
  artifactKey: Guid(8e3b5405a042b8f47b16ce327b4c7626) Importer(815301076,1909f56bfc062723c751e8b465ee728b)
Start importing Assets/New Code/Inventory/Item/BloodyDolls/BloodyDollGreen.asset using Guid(8e3b5405a042b8f47b16ce327b4c7626) Importer(815301076,1909f56bfc062723c751e8b465ee728b)  -> (artifact id: '122be04de574b8d9db48d514390322d8') in 0.000708 seconds
Number of updated asset objects reloaded before import = 0
Number of asset objects unloaded after import = 1
========================================================================
Received Import Request.
  Time since last request: 5.549643 seconds.
  path: Assets/New Code/Inventory/Item/BloodyDolls/BloodyDollYellow.asset
  artifactKey: Guid(5e5ea090621893642a81715af643809d) Importer(815301076,1909f56bfc062723c751e8b465ee728b)
Start importing Assets/New Code/Inventory/Item/BloodyDolls/BloodyDollYellow.asset using Guid(5e5ea090621893642a81715af643809d) Importer(815301076,1909f56bfc062723c751e8b465ee728b)  -> (artifact id: '582f6e459cbc022f501c13bd8f6ce5f0') in 0.000603 seconds
Number of updated asset objects reloaded before import = 0
Number of asset objects unloaded after import = 1
========================================================================
Received Import Request.
  Time since last request: 31.661015 seconds.
  path: Assets/All Assest/Assest 2D/Prop/1024x1024/Ver2Doll/Decoration/Purple/(1)_Prop_V2Doll_Decoration_1.png
  artifactKey: Guid(a27de8847a14ef24f8a3bded9057671f) Importer(815301076,1909f56bfc062723c751e8b465ee728b)
Start importing Assets/All Assest/Assest 2D/Prop/1024x1024/Ver2Doll/Decoration/Purple/(1)_Prop_V2Doll_Decoration_1.png using Guid(a27de8847a14ef24f8a3bded9057671f) Importer(815301076,1909f56bfc062723c751e8b465ee728b)  -> (artifact id: '2d59dfafd896e515e9eb5c6ccdbfb42e') in 0.037443 seconds
Number of updated asset objects reloaded before import = 0
Number of asset objects unloaded after import = 3
========================================================================
Received Import Request.
  Time since last request: 0.000012 seconds.
  path: Assets/All Assest/Assest 2D/Prop/1024x1024/Ver2Doll/BloodyDolls/Animation/RedShirtBoy/(2)BloodyV2Doll_RedShirtBoy_NoHair.png
  artifactKey: Guid(c47232c767fea8748a0588b62e63bb76) Importer(815301076,1909f56bfc062723c751e8b465ee728b)
Start importing Assets/All Assest/Assest 2D/Prop/1024x1024/Ver2Doll/BloodyDolls/Animation/RedShirtBoy/(2)BloodyV2Doll_RedShirtBoy_NoHair.png using Guid(c47232c767fea8748a0588b62e63bb76) Importer(815301076,1909f56bfc062723c751e8b465ee728b)  -> (artifact id: '7e87453051746560da6fe455f70529fd') in 0.020325 seconds
Number of updated asset objects reloaded before import = 0
Number of asset objects unloaded after import = 3
========================================================================
Received Import Request.
  Time since last request: 0.000012 seconds.
  path: Assets/All Assest/Assest 2D/Prop/1024x1024/Ver2Doll/BloodyDolls/Animation/PajamasBoy/(3)BloodyV2Doll_BlueSuit_NoHair.png
  artifactKey: Guid(f43b9bc533f84154f8e2334d04e7ccd8) Importer(815301076,1909f56bfc062723c751e8b465ee728b)
Start importing Assets/All Assest/Assest 2D/Prop/1024x1024/Ver2Doll/BloodyDolls/Animation/PajamasBoy/(3)BloodyV2Doll_BlueSuit_NoHair.png using Guid(f43b9bc533f84154f8e2334d04e7ccd8) Importer(815301076,1909f56bfc062723c751e8b465ee728b)  -> (artifact id: '05434b1f7ba82ce3fb96000afde37fb5') in 0.027230 seconds
Number of updated asset objects reloaded before import = 0
Number of asset objects unloaded after import = 3
========================================================================
Received Import Request.
  Time since last request: 0.000012 seconds.
  path: Assets/All Assest/Assest 2D/Prop/1024x1024/Ver2Doll/BloodyDolls/Animation/YellowDressGirl/(1)BloodyV2Doll_YellowDress_NoHair.png
  artifactKey: Guid(d2afd98b20327ad428676af36a03c707) Importer(815301076,1909f56bfc062723c751e8b465ee728b)
Start importing Assets/All Assest/Assest 2D/Prop/1024x1024/Ver2Doll/BloodyDolls/Animation/YellowDressGirl/(1)BloodyV2Doll_YellowDress_NoHair.png using Guid(d2afd98b20327ad428676af36a03c707) Importer(815301076,1909f56bfc062723c751e8b465ee728b)  -> (artifact id: 'c4a4cc2e621c5d1b888733995f69a5b4') in 0.019333 seconds
Number of updated asset objects reloaded before import = 0
Number of asset objects unloaded after import = 3
========================================================================
Received Import Request.
  Time since last request: 0.000015 seconds.
  path: Assets/All Assest/Assest 2D/Prop/1024x1024/Ver2Doll/BloodyDolls/Animation/RedShirtBoy/(1)BloodyV2Doll_RedShirtBoy_NoHair.png
  artifactKey: Guid(f42c9c13a1adee2428f7b9d92497bb06) Importer(815301076,1909f56bfc062723c751e8b465ee728b)
Start importing Assets/All Assest/Assest 2D/Prop/1024x1024/Ver2Doll/BloodyDolls/Animation/RedShirtBoy/(1)BloodyV2Doll_RedShirtBoy_NoHair.png using Guid(f42c9c13a1adee2428f7b9d92497bb06) Importer(815301076,1909f56bfc062723c751e8b465ee728b)  -> (artifact id: 'a80677e744fce65b83591ae151e26eed') in 0.019865 seconds
Number of updated asset objects reloaded before import = 0
Number of asset objects unloaded after import = 3
========================================================================
Received Import Request.
  Time since last request: 3.536511 seconds.
  path: Assets/All Assest/Assest 2D/Blood/BLOOD02.png
  artifactKey: Guid(351eb79ee0a5cce40a15d32cfe77c100) Importer(815301076,1909f56bfc062723c751e8b465ee728b)
Start importing Assets/All Assest/Assest 2D/Blood/BLOOD02.png using Guid(351eb79ee0a5cce40a15d32cfe77c100) Importer(815301076,1909f56bfc062723c751e8b465ee728b)  -> (artifact id: '90d760891c82c917d6a21e57b7cf3cf1') in 0.044445 seconds
Number of updated asset objects reloaded before import = 0
Number of asset objects unloaded after import = 3
========================================================================
Received Import Request.
  Time since last request: 3.840955 seconds.
  path: Assets/All Assest/Assest 2D/Prop/1024x1024/Ver2Doll/DollPieces/BloodyDollPieces/BloodyDollPieces_Body.png
  artifactKey: Guid(e3a27d99089641a429f9997f2ee58725) Importer(815301076,1909f56bfc062723c751e8b465ee728b)
Start importing Assets/All Assest/Assest 2D/Prop/1024x1024/Ver2Doll/DollPieces/BloodyDollPieces/BloodyDollPieces_Body.png using Guid(e3a27d99089641a429f9997f2ee58725) Importer(815301076,1909f56bfc062723c751e8b465ee728b)  -> (artifact id: '11672095a61527fd0d31911e06c8125e') in 0.022436 seconds
Number of updated asset objects reloaded before import = 0
Number of asset objects unloaded after import = 3
========================================================================
Received Import Request.
  Time since last request: 0.042533 seconds.
  path: Assets/All Assest/Assest 2D/Prop/1024x1024/Ver2Doll/DollPieces/BloodyDollPieces/BloodyDollPieces_Larm.png
  artifactKey: Guid(54269cf798b357741a753e5a688b87f6) Importer(815301076,1909f56bfc062723c751e8b465ee728b)
Start importing Assets/All Assest/Assest 2D/Prop/1024x1024/Ver2Doll/DollPieces/BloodyDollPieces/BloodyDollPieces_Larm.png using Guid(54269cf798b357741a753e5a688b87f6) Importer(815301076,1909f56bfc062723c751e8b465ee728b)  -> (artifact id: '768443841592cde35ca8f9a13c795910') in 0.022668 seconds
Number of updated asset objects reloaded before import = 0
Number of asset objects unloaded after import = 3
========================================================================
Received Import Request.
  Time since last request: 56.651816 seconds.
  path: Assets/All Assest/Assest 2D/Prop/1024x1024/Ver2Doll/Decoration/Blue/2Prop_V2Doll_Decoration_2.png
  artifactKey: Guid(94512538140fec748897935991968ad2) Importer(815301076,1909f56bfc062723c751e8b465ee728b)
Start importing Assets/All Assest/Assest 2D/Prop/1024x1024/Ver2Doll/Decoration/Blue/2Prop_V2Doll_Decoration_2.png using Guid(94512538140fec748897935991968ad2) Importer(815301076,1909f56bfc062723c751e8b465ee728b)  -> (artifact id: '09a26e9189d84c1fbb7ae7958a4fce5e') in 0.016057 seconds
Number of updated asset objects reloaded before import = 0
Number of asset objects unloaded after import = 3
========================================================================
Received Import Request.
  Time since last request: 0.041906 seconds.
  path: Assets/All Assest/Assest 2D/Sprite sheet/CurseDoll/Sticky Tinger/Atk/Atk_1.PNG
  artifactKey: Guid(a8ba1fe9f48a6cb4bbe409f2e0e3da82) Importer(815301076,1909f56bfc062723c751e8b465ee728b)
Start importing Assets/All Assest/Assest 2D/Sprite sheet/CurseDoll/Sticky Tinger/Atk/Atk_1.PNG using Guid(a8ba1fe9f48a6cb4bbe409f2e0e3da82) Importer(815301076,1909f56bfc062723c751e8b465ee728b)  -> (artifact id: '2516973dd7ff3f0d7e220376217d9317') in 0.107796 seconds
Number of updated asset objects reloaded before import = 0
Number of asset objects unloaded after import = 3
========================================================================
Received Import Request.
  Time since last request: 0.000919 seconds.
  path: Assets/All Assest/Assest 2D/Sprite sheet/CurseDoll/Sticky Tinger/Atk/Atk_3.PNG
  artifactKey: Guid(5a16bb3657042b24eaaf885b938a10ef) Importer(815301076,1909f56bfc062723c751e8b465ee728b)
Start importing Assets/All Assest/Assest 2D/Sprite sheet/CurseDoll/Sticky Tinger/Atk/Atk_3.PNG using Guid(5a16bb3657042b24eaaf885b938a10ef) Importer(815301076,1909f56bfc062723c751e8b465ee728b)  -> (artifact id: 'd92e7fb3c1fbd54b4863afac20d30ecc') in 0.073181 seconds
Number of updated asset objects reloaded before import = 0
Number of asset objects unloaded after import = 3
========================================================================
Received Prepare
Begin MonoManager ReloadAssembly
- Loaded All Assemblies, in  0.363 seconds
Refreshing native plugins compatible for Editor in 1.74 ms, found 5 plugins.
Native extension for WindowsStandalone target not found
[Package Manager] Server::EnsureServerProcessIsRunning -- launch failed, reason: Unity was launched with the -noUpm command-line argument
[Package Manager] UpmClient::Send -- Unable to send message (not connected to UPM process).
[Package Manager] Cannot connect to Unity Package Manager local server
Mono: successfully reloaded assembly
- Finished resetting the current domain, in  0.824 seconds
Domain Reload Profiling: 1185ms
	BeginReloadAssembly (115ms)
		ExecutionOrderSort (0ms)
		DisableScriptedObjects (5ms)
		BackupInstance (0ms)
		ReleaseScriptingObjects (0ms)
		CreateAndSetChildDomain (34ms)
	RebuildCommonClasses (24ms)
	RebuildNativeTypeToScriptingClass (10ms)
	initialDomainReloadingComplete (17ms)
	LoadAllAssembliesAndSetupDomain (196ms)
		LoadAssemblies (206ms)
		RebuildTransferFunctionScriptingTraits (0ms)
		AnalyzeDomain (39ms)
			TypeCache.Refresh (11ms)
				TypeCache.ScanAssembly (2ms)
			ScanForSourceGeneratedMonoScriptInfo (19ms)
			ResolveRequiredComponents (8ms)
	FinalizeReload (824ms)
		ReleaseScriptCaches (0ms)
		RebuildScriptCaches (0ms)
		SetupLoadedEditorAssemblies (458ms)
			LogAssemblyErrors (0ms)
			InitializePlatformSupportModulesInManaged (3ms)
			SetLoadedEditorAssemblies (4ms)
			RefreshPlugins (0ms)
			BeforeProcessingInitializeOnLoad (59ms)
			ProcessInitializeOnLoadAttributes (350ms)
			ProcessInitializeOnLoadMethodAttributes (38ms)
			AfterProcessingInitializeOnLoad (4ms)
			EditorAssembliesLoaded (0ms)
		ExecutionOrderSort2 (0ms)
		AwakeInstancesAfterBackupRestoration (18ms)
Refreshing native plugins compatible for Editor in 1.54 ms, found 5 plugins.
Preloading 0 native plugins for Editor in 0.00 ms.
Unloading 6744 Unused Serialized files (Serialized files now loaded: 0)
Unloading 68 unused Assets / (1.7 MB). Loaded Objects now: 7894.
Memory consumption went from 385.6 MB to 383.9 MB.
Total: 2.630300 ms (FindLiveObjects: 0.259300 ms CreateObjectMapping: 0.094200 ms MarkObjects: 2.057200 ms  DeleteObjects: 0.218900 ms)

Prepare: number of updated asset objects reloaded= 0
AssetImportParameters requested are different than current active one (requested -> active):
  custom:container-demuxer-ogg: 62fdf1f143b41e24485cea50d1cbac27 -> 
  custom:framework-win-MediaFoundation: 216162199b28c13a410421893ffa2e32 -> 
  custom:container-muxer-webm: aa71ff27fc2769a1b78a27578f13a17b -> 
  custom:video-decoder-webm-vp8: 9c59270c3fd7afecdb556c50c9e8de78 -> 
  custom:SearchIndexIgnoredProperties: e643bd26f0fe6173181afceb89e7c659 -> 
  custom:AudioImporter_EditorPlatform: d09bf68614088b80899f8185d706f6e7 -> 
  custom:audio-decoder-ogg-vorbis: bf7c407c2cedff20999df2af8eb42d56 -> 
  custom:audio-encoder-webm-vorbis: bf7c407c2cedff20999df2af8eb42d56 -> 
  custom:video-codec-MediaFoundation-h265: 746d11721c4dcdbdad8f713fa42b33f4 -> 
  custom:video-decoder-ogg-theora: a1e56fd34408186e4bbccfd4996cb3dc -> 
  custom:CustomObjectIndexerAttribute: 39606d92bcf39ac9cd6fca1116091104 -> 
  custom:container-demuxer-webm: 4f35f7cbe854078d1ac9338744f61a02 -> 
  custom:video-encoder-webm-vp8: eb34c28f22e8b96e1ab97ce403110664 -> 
Editor requested this worker to shutdown with reason: Scaling down because of idle timeout
TcpMessagingSession - receive error: operation aborted. errorcode: 995, details: The I/O operation has been aborted because of either a thread exit or an application request.
AssetImportWorker is now disconnected from the server
Process exiting
Exiting without the bug reporter. Application will terminate with return code 0